Archive member included to satisfy reference by file (symbol)

D:/STM32CubeIDE/STM32CubeIDE_1.18.1/STM32CubeIDE/plugins/com.st.stm32cube.ide.mcu.externaltools.gnu-tools-for-stm32.13.3.rel1.win32_1.0.0.202411081344/tools/bin/../lib/gcc/arm-none-eabi/13.3.1/../../../../arm-none-eabi/lib/thumb/v7e-m+fp/hard\libc_nano.a(libc_a-atoi.o)
                              ./Application/User/GNSS/App/app_gnss.o (atoi)
D:/STM32CubeIDE/STM32CubeIDE_1.18.1/STM32CubeIDE/plugins/com.st.stm32cube.ide.mcu.externaltools.gnu-tools-for-stm32.13.3.rel1.win32_1.0.0.202411081344/tools/bin/../lib/gcc/arm-none-eabi/13.3.1/../../../../arm-none-eabi/lib/thumb/v7e-m+fp/hard\libc_nano.a(libc_a-exit.o)
                              D:/STM32CubeIDE/STM32CubeIDE_1.18.1/STM32CubeIDE/plugins/com.st.stm32cube.ide.mcu.externaltools.gnu-tools-for-stm32.13.3.rel1.win32_1.0.0.202411081344/tools/bin/../lib/gcc/arm-none-eabi/13.3.1/../../../../arm-none-eabi/lib/thumb/v7e-m+fp/hard/crt0.o (exit)
D:/STM32CubeIDE/STM32CubeIDE_1.18.1/STM32CubeIDE/plugins/com.st.stm32cube.ide.mcu.externaltools.gnu-tools-for-stm32.13.3.rel1.win32_1.0.0.202411081344/tools/bin/../lib/gcc/arm-none-eabi/13.3.1/../../../../arm-none-eabi/lib/thumb/v7e-m+fp/hard\libc_nano.a(libc_a-strtod.o)
                              ./Middlewares/lib_gnss/Data Exchange/lib_gnss/LibNMEA/NMEA_parser.o (strtod)
D:/STM32CubeIDE/STM32CubeIDE_1.18.1/STM32CubeIDE/plugins/com.st.stm32cube.ide.mcu.externaltools.gnu-tools-for-stm32.13.3.rel1.win32_1.0.0.202411081344/tools/bin/../lib/gcc/arm-none-eabi/13.3.1/../../../../arm-none-eabi/lib/thumb/v7e-m+fp/hard\libc_nano.a(libc_a-strtol.o)
                              D:/STM32CubeIDE/STM32CubeIDE_1.18.1/STM32CubeIDE/plugins/com.st.stm32cube.ide.mcu.externaltools.gnu-tools-for-stm32.13.3.rel1.win32_1.0.0.202411081344/tools/bin/../lib/gcc/arm-none-eabi/13.3.1/../../../../arm-none-eabi/lib/thumb/v7e-m+fp/hard\libc_nano.a(libc_a-atoi.o) (_strtol_r)
D:/STM32CubeIDE/STM32CubeIDE_1.18.1/STM32CubeIDE/plugins/com.st.stm32cube.ide.mcu.externaltools.gnu-tools-for-stm32.13.3.rel1.win32_1.0.0.202411081344/tools/bin/../lib/gcc/arm-none-eabi/13.3.1/../../../../arm-none-eabi/lib/thumb/v7e-m+fp/hard\libc_nano.a(libc_a-strtoul.o)
                              ./Application/User/GNSS/App/app_gnss.o (strtoul)
D:/STM32CubeIDE/STM32CubeIDE_1.18.1/STM32CubeIDE/plugins/com.st.stm32cube.ide.mcu.externaltools.gnu-tools-for-stm32.13.3.rel1.win32_1.0.0.202411081344/tools/bin/../lib/gcc/arm-none-eabi/13.3.1/../../../../arm-none-eabi/lib/thumb/v7e-m+fp/hard\libc_nano.a(libc_a-ctype_.o)
                              D:/STM32CubeIDE/STM32CubeIDE_1.18.1/STM32CubeIDE/plugins/com.st.stm32cube.ide.mcu.externaltools.gnu-tools-for-stm32.13.3.rel1.win32_1.0.0.202411081344/tools/bin/../lib/gcc/arm-none-eabi/13.3.1/../../../../arm-none-eabi/lib/thumb/v7e-m+fp/hard\libc_nano.a(libc_a-strtol.o) (_ctype_)
D:/STM32CubeIDE/STM32CubeIDE_1.18.1/STM32CubeIDE/plugins/com.st.stm32cube.ide.mcu.externaltools.gnu-tools-for-stm32.13.3.rel1.win32_1.0.0.202411081344/tools/bin/../lib/gcc/arm-none-eabi/13.3.1/../../../../arm-none-eabi/lib/thumb/v7e-m+fp/hard\libc_nano.a(libc_a-nano-vfprintf_float.o)
                              (_printf_float)
D:/STM32CubeIDE/STM32CubeIDE_1.18.1/STM32CubeIDE/plugins/com.st.stm32cube.ide.mcu.externaltools.gnu-tools-for-stm32.13.3.rel1.win32_1.0.0.202411081344/tools/bin/../lib/gcc/arm-none-eabi/13.3.1/../../../../arm-none-eabi/lib/thumb/v7e-m+fp/hard\libc_nano.a(libc_a-nano-vfprintf_i.o)
                              D:/STM32CubeIDE/STM32CubeIDE_1.18.1/STM32CubeIDE/plugins/com.st.stm32cube.ide.mcu.externaltools.gnu-tools-for-stm32.13.3.rel1.win32_1.0.0.202411081344/tools/bin/../lib/gcc/arm-none-eabi/13.3.1/../../../../arm-none-eabi/lib/thumb/v7e-m+fp/hard\libc_nano.a(libc_a-nano-vfprintf_float.o) (_printf_common)
D:/STM32CubeIDE/STM32CubeIDE_1.18.1/STM32CubeIDE/plugins/com.st.stm32cube.ide.mcu.externaltools.gnu-tools-for-stm32.13.3.rel1.win32_1.0.0.202411081344/tools/bin/../lib/gcc/arm-none-eabi/13.3.1/../../../../arm-none-eabi/lib/thumb/v7e-m+fp/hard\libc_nano.a(libc_a-fflush.o)
                              ./Application/User/GNSS/App/app_gnss.o (fflush)
D:/STM32CubeIDE/STM32CubeIDE_1.18.1/STM32CubeIDE/plugins/com.st.stm32cube.ide.mcu.externaltools.gnu-tools-for-stm32.13.3.rel1.win32_1.0.0.202411081344/tools/bin/../lib/gcc/arm-none-eabi/13.3.1/../../../../arm-none-eabi/lib/thumb/v7e-m+fp/hard\libc_nano.a(libc_a-findfp.o)
                              D:/STM32CubeIDE/STM32CubeIDE_1.18.1/STM32CubeIDE/plugins/com.st.stm32cube.ide.mcu.externaltools.gnu-tools-for-stm32.13.3.rel1.win32_1.0.0.202411081344/tools/bin/../lib/gcc/arm-none-eabi/13.3.1/../../../../arm-none-eabi/lib/thumb/v7e-m+fp/hard\libc_nano.a(libc_a-fflush.o) (__sglue)
[...]
Memory Configuration

Name             Origin             Length             Attributes
RAM              0x20000000         0x00018000         xrw
RAM2             0x10000000         0x00008000         xrw
FLASH            0x08000000         0x00100000         xr
*default*        0x00000000         0xffffffff

Linker script and memory map

LOAD D:/STM32CubeIDE/STM32CubeIDE_1.18.1/STM32CubeIDE/plugins/com.st.stm32cube.ide.mcu.externaltools.gnu-tools-for-stm32.13.3.rel1.win32_1.0.0.202411081344/tools/bin/../lib/gcc/arm-none-eabi/13.3.1/thumb/v7e-m+fp/hard/crti.o
LOAD D:/STM32CubeIDE/STM32CubeIDE_1.18.1/STM32CubeIDE/plugins/com.st.stm32cube.ide.mcu.externaltools.gnu-tools-for-stm32.13.3.rel1.win32_1.0.0.202411081344/tools/bin/../lib/gcc/arm-none-eabi/13.3.1/thumb/v7e-m+fp/hard/crtbegin.o
LOAD D:/STM32CubeIDE/STM32CubeIDE_1.18.1/STM32CubeIDE/plugins/com.st.stm32cube.ide.mcu.externaltools.gnu-tools-for-stm32.13.3.rel1.win32_1.0.0.202411081344/tools/bin/../lib/gcc/arm-none-eabi/13.3.1/../../../../arm-none-eabi/lib/thumb/v7e-m+fp/hard/crt0.o
LOAD ./Application/User/Core/freertos.o
LOAD ./Application/User/Core/main.o
LOAD ./Application/User/Core/stm32l4xx_hal_msp.o
LOAD ./Application/User/Core/stm32l4xx_hal_timebase_tim.o
LOAD ./Application/User/Core/stm32l4xx_it.o
LOAD ./Application/User/Core/stm32l4xx_nucleo.o
LOAD ./Application/User/Core/stm32l4xx_nucleo_bus.o
LOAD ./Application/User/Core/syscalls.o
LOAD ./Application/User/Core/sysmem.o
LOAD ./Application/User/GNSS/App/app_gnss.o
LOAD ./Application/User/GNSS/App/gnss_utils.o
LOAD ./Application/User/GNSS/Target/gnss_lib_config.o
LOAD ./Application/User/GNSS/Target/stm32_bus_ex.o
LOAD ./Application/User/Startup/startup_stm32l476rgtx.o
LOAD ./Drivers/BSP/Components/teseo_liv3f.o
LOAD ./Drivers/BSP/Components/teseo_liv3f_i2c.o
LOAD ./Drivers/BSP/Components/teseo_liv3f_queue.o
LOAD ./Drivers/BSP/Components/teseo_liv3f_uart.o
LOAD ./Drivers/BSP/GNSS1A1/gnss1a1_gnss.o
LOAD ./Drivers/CMSIS/system_stm32l4xx.o
LOAD ./Drivers/STM32L4xx_HAL_Driver/stm32l4xx_hal.o
LOAD ./Drivers/STM32L4xx_HAL_Driver/stm32l4xx_hal_cortex.o
LOAD ./Drivers/STM32L4xx_HAL_Driver/stm32l4xx_hal_dma.o
LOAD ./Drivers/STM32L4xx_HAL_Driver/stm32l4xx_hal_dma_ex.o
LOAD ./Drivers/STM32L4xx_HAL_Driver/stm32l4xx_hal_exti.o
LOAD ./Drivers/STM32L4xx_HAL_Driver/stm32l4xx_hal_flash.o
LOAD ./Drivers/STM32L4xx_HAL_Driver/stm32l4xx_hal_flash_ex.o
LOAD ./Drivers/STM32L4xx_HAL_Driver/stm32l4xx_hal_flash_ramfunc.o
LOAD ./Drivers/STM32L4xx_HAL_Driver/stm32l4xx_hal_gpio.o
LOAD ./Drivers/STM32L4xx_HAL_Driver/stm32l4xx_hal_i2c.o
LOAD ./Drivers/STM32L4xx_HAL_Driver/stm32l4xx_hal_i2c_ex.o
LOAD ./Drivers/STM32L4xx_HAL_Driver/stm32l4xx_hal_pwr.o
LOAD ./Drivers/STM32L4xx_HAL_Driver/stm32l4xx_hal_pwr_ex.o
LOAD ./Drivers/STM32L4xx_HAL_Driver/stm32l4xx_hal_rcc.o
LOAD ./Drivers/STM32L4xx_HAL_Driver/stm32l4xx_hal_rcc_ex.o
LOAD ./Drivers/STM32L4xx_HAL_Driver/stm32l4xx_hal_tim.o
LOAD ./Drivers/STM32L4xx_HAL_Driver/stm32l4xx_hal_tim_ex.o
LOAD ./Drivers/STM32L4xx_HAL_Driver/stm32l4xx_hal_uart.o
LOAD ./Drivers/STM32L4xx_HAL_Driver/stm32l4xx_hal_uart_ex.o
LOAD ./Middlewares/FreeRTOS/cmsis_os.o
LOAD ./Middlewares/FreeRTOS/croutine.o
LOAD ./Middlewares/FreeRTOS/event_groups.o
LOAD ./Middlewares/FreeRTOS/heap_4.o
LOAD ./Middlewares/FreeRTOS/list.o
LOAD ./Middlewares/FreeRTOS/port.o
LOAD ./Middlewares/FreeRTOS/queue.o
LOAD ./Middlewares/FreeRTOS/stream_buffer.o
LOAD ./Middlewares/FreeRTOS/tasks.o
LOAD ./Middlewares/FreeRTOS/timers.o
LOAD ./Middlewares/lib_gnss/Data Exchange/lib_gnss/LibGNSS/gnss_data.o
LOAD ./Middlewares/lib_gnss/Data Exchange/lib_gnss/LibGNSS/gnss_parser.o
LOAD ./Middlewares/lib_gnss/Data Exchange/lib_gnss/LibNMEA/NMEA_parser.o
START GROUP
LOAD D:/STM32CubeIDE/STM32CubeIDE_1.18.1/STM32CubeIDE/plugins/com.st.stm32cube.ide.mcu.externaltools.gnu-tools-for-stm32.13.3.rel1.win32_1.0.0.202411081344/tools/bin/../lib/gcc/arm-none-eabi/13.3.1/../../../../arm-none-eabi/lib/thumb/v7e-m+fp/hard\libc_nano.a
LOAD D:/STM32CubeIDE/STM32CubeIDE_1.18.1/STM32CubeIDE/plugins/com.st.stm32cube.ide.mcu.externaltools.gnu-tools-for-stm32.13.3.rel1.win32_1.0.0.202411081344/tools/bin/../lib/gcc/arm-none-eabi/13.3.1/../../../../arm-none-eabi/lib/thumb/v7e-m+fp/hard\libm.a
END GROUP
START GROUP
LOAD D:/STM32CubeIDE/STM32CubeIDE_1.18.1/STM32CubeIDE/plugins/com.st.stm32cube.ide.mcu.externaltools.gnu-tools-for-stm32.13.3.rel1.win32_1.0.0.202411081344/tools/bin/../lib/gcc/arm-none-eabi/13.3.1/thumb/v7e-m+fp/hard\libgcc.a
LOAD D:/STM32CubeIDE/STM32CubeIDE_1.18.1/STM32CubeIDE/plugins/com.st.stm32cube.ide.mcu.externaltools.gnu-tools-for-stm32.13.3.rel1.win32_1.0.0.202411081344/tools/bin/../lib/gcc/arm-none-eabi/13.3.1/../../../../arm-none-eabi/lib/thumb/v7e-m+fp/hard\libc_nano.a
END GROUP
START GROUP
LOAD D:/STM32CubeIDE/STM32CubeIDE_1.18.1/STM32CubeIDE/plugins/com.st.stm32cube.ide.mcu.externaltools.gnu-tools-for-stm32.13.3.rel1.win32_1.0.0.202411081344/tools/bin/../lib/gcc/arm-none-eabi/13.3.1/thumb/v7e-m+fp/hard\libgcc.a
LOAD D:/STM32CubeIDE/STM32CubeIDE_1.18.1/STM32CubeIDE/plugins/com.st.stm32cube.ide.mcu.externaltools.gnu-tools-for-stm32.13.3.rel1.win32_1.0.0.202411081344/tools/bin/../lib/gcc/arm-none-eabi/13.3.1/../../../../arm-none-eabi/lib/thumb/v7e-m+fp/hard\libc_nano.a
LOAD D:/STM32CubeIDE/STM32CubeIDE_1.18.1/STM32CubeIDE/plugins/com.st.stm32cube.ide.mcu.externaltools.gnu-tools-for-stm32.13.3.rel1.win32_1.0.0.202411081344/tools/bin/../lib/gcc/arm-none-eabi/13.3.1/../../../../arm-none-eabi/lib/thumb/v7e-m+fp/hard\libnosys.a
END GROUP
START GROUP
LOAD D:/STM32CubeIDE/STM32CubeIDE_1.18.1/STM32CubeIDE/plugins/com.st.stm32cube.ide.mcu.externaltools.gnu-tools-for-stm32.13.3.rel1.win32_1.0.0.202411081344/tools/bin/../lib/gcc/arm-none-eabi/13.3.1/thumb/v7e-m+fp/hard\libgcc.a
LOAD D:/STM32CubeIDE/STM32CubeIDE_1.18.1/STM32CubeIDE/plugins/com.st.stm32cube.ide.mcu.externaltools.gnu-tools-for-stm32.13.3.rel1.win32_1.0.0.202411081344/tools/bin/../lib/gcc/arm-none-eabi/13.3.1/../../../../arm-none-eabi/lib/thumb/v7e-m+fp/hard\libc_nano.a
LOAD D:/STM32CubeIDE/STM32CubeIDE_1.18.1/STM32CubeIDE/plugins/com.st.stm32cube.ide.mcu.externaltools.gnu-tools-for-stm32.13.3.rel1.win32_1.0.0.202411081344/tools/bin/../lib/gcc/arm-none-eabi/13.3.1/../../../../arm-none-eabi/lib/thumb/v7e-m+fp/hard\libnosys.a
END GROUP
LOAD D:/STM32CubeIDE/STM32CubeIDE_1.18.1/STM32CubeIDE/plugins/com.st.stm32cube.ide.mcu.externaltools.gnu-tools-for-stm32.13.3.rel1.win32_1.0.0.202411081344/tools/bin/../lib/gcc/arm-none-eabi/13.3.1/thumb/v7e-m+fp/hard/crtend.o
LOAD D:/STM32CubeIDE/STM32CubeIDE_1.18.1/STM32CubeIDE/plugins/com.st.stm32cube.ide.mcu.externaltools.gnu-tools-for-stm32.13.3.rel1.win32_1.0.0.202411081344/tools/bin/../lib/gcc/arm-none-eabi/13.3.1/thumb/v7e-m+fp/hard/crtn.o
                0x20018000                        _estack = (ORIGIN (RAM) + LENGTH (RAM))
                0x00000200                        _Min_Heap_Size = 0x200
                0x00000400                        _Min_Stack_Size = 0x400

.isr_vector     0x08000000      0x188
                0x08000000                        . = ALIGN (0x4)
 *(.isr_vector)
 .isr_vector    0x08000000      0x188 ./Application/User/Startup/startup_stm32l476rgtx.o
                0x08000000                g_pfnVectors
                0x08000188                        . = ALIGN (0x4)

.text           0x08000190    0x13430
                0x08000190                        . = ALIGN (0x4)
 *(.text)
 .text          0x08000190       0x40 D:/STM32CubeIDE/STM32CubeIDE_1.18.1/STM32CubeIDE/plugins/com.st.stm32cube.ide.mcu.externaltools.gnu-tools-for-stm32.13.3.rel1.win32_1.0.0.202411081344/tools/bin/../lib/gcc/arm-none-eabi/13.3.1/thumb/v7e-m+fp/hard/crtbegin.o
 .text          0x080001d0       0x14 D:/STM32CubeIDE/STM32CubeIDE_1.18.1/STM32CubeIDE/plugins/com.st.stm32cube.ide.mcu.externaltools.gnu-tools-for-stm32.13.3.rel1.win32_1.0.0.202411081344/tools/bin/../lib/gcc/arm-none-eabi/13.3.1/../../../../arm-none-eabi/lib/thumb/v7e-m+fp/hard\libc_nano.a(libc_a-strcmp.o)
                0x080001d0                strcmp
 *fill*         0x080001e4        0xc 
 .text          0x080001f0       0xa0 D:/STM32CubeIDE/STM32CubeIDE_1.18.1/STM32CubeIDE/plugins/com.st.stm32cube.ide.mcu.externaltools.gnu-tools-for-stm32.13.3.rel1.win32_1.0.0.202411081344/tools/bin/../lib/gcc/arm-none-eabi/13.3.1/../../../../arm-none-eabi/lib/thumb/v7e-m+fp/hard\libc_nano.a(libc_a-memchr.o)
                0x080001f0                memchr
 .text          0x08000290       0x10 D:/STM32CubeIDE/STM32CubeIDE_1.18.1/STM32CubeIDE/plugins/com.st.stm32cube.ide.mcu.externaltools.gnu-tools-for-stm32.13.3.rel1.win32_1.0.0.202411081344/tools/bin/../lib/gcc/arm-none-eabi/13.3.1/../../../../arm-none-eabi/lib/thumb/v7e-m+fp/hard\libc_nano.a(libc_a-strlen.o)
                0x08000290                strlen
 .text          0x080002a0      0x378 D:/STM32CubeIDE/STM32CubeIDE_1.18.1/STM32CubeIDE/plugins/com.st.stm32cube.ide.mcu.externaltools.gnu-tools-for-stm32.13.3.rel1.win32_1.0.0.202411081344/tools/bin/../lib/gcc/arm-none-eabi/13.3.1/thumb/v7e-m+fp/hard\libgcc.a(_arm_addsubdf3.o)
                0x080002a0                __aeabi_drsub
                0x080002a8                __aeabi_dsub
                0x080002a8                __subdf3
                0x080002ac                __aeabi_dadd
                0x080002ac                __adddf3
                0x08000524                __floatunsidf
                0x08000524                __aeabi_ui2d
                0x08000544                __floatsidf
                0x08000544                __aeabi_i2d
                0x08000568                __aeabi_f2d
                0x08000568                __extendsfdf2
                0x080005ac                __floatundidf
                0x080005ac                __aeabi_ul2d
                0x080005bc                __floatdidf
                0x080005bc                __aeabi_l2d
 .text          0x08000618      0x424 D:/STM32CubeIDE/STM32CubeIDE_1.18.1/STM32CubeIDE/plugins/com.st.stm32cube.ide.mcu.externaltools.gnu-tools-for-stm32.13.3.rel1.win32_1.0.0.202411081344/tools/bin/../lib/gcc/arm-none-eabi/13.3.1/thumb/v7e-m+fp/hard\libgcc.a(_arm_muldivdf3.o)
                0x08000618                __aeabi_dmul
                0x08000618                __muldf3
                0x0800086c                __divdf3
                0x0800086c                __aeabi_ddiv
 .text          0x08000a3c      0x110 D:/STM32CubeIDE/STM32CubeIDE_1.18.1/STM32CubeIDE/plugins/com.st.stm32cube.ide.mcu.externaltools.gnu-tools-for-stm32.13.3.rel1.win32_1.0.0.202411081344/tools/bin/../lib/gcc/arm-none-eabi/13.3.1/thumb/v7e-m+fp/hard\libgcc.a(_arm_cmpdf2.o)
                0x08000a3c                __gtdf2
                0x08000a3c                __gedf2
                0x08000a44                __ltdf2
                0x08000a44                __ledf2
                0x08000a4c                __nedf2
                0x08000a4c                __eqdf2
                0x08000a4c                __cmpdf2
                0x08000ac8                __aeabi_cdrcmple
                0x08000ad8                __aeabi_cdcmpeq
                0x08000ad8                __aeabi_cdcmple
                0x08000ae8                __aeabi_dcmpeq
                0x08000afc                __aeabi_dcmplt
                0x08000b10                __aeabi_dcmple
                0x08000b24                __aeabi_dcmpge
                0x08000b38                __aeabi_dcmpgt
 .text          0x08000b4c       0x2c D:/STM32CubeIDE/STM32CubeIDE_1.18.1/STM32CubeIDE/plugins/com.st.stm32cube.ide.mcu.externaltools.gnu-tools-for-stm32.13.3.rel1.win32_1.0.0.202411081344/tools/bin/../lib/gcc/arm-none-eabi/13.3.1/thumb/v7e-m+fp/hard\libgcc.a(_arm_unorddf2.o)
                0x08000b4c                __unorddf2
                0x08000b4c                __aeabi_dcmpun
 .text          0x08000b78       0x50 D:/STM32CubeIDE/STM32CubeIDE_1.18.1/STM32CubeIDE/plugins/com.st.stm32cube.ide.mcu.externaltools.gnu-tools-for-stm32.13.3.rel1.win32_1.0.0.202411081344/tools/bin/../lib/gcc/arm-none-eabi/13.3.1/thumb/v7e-m+fp/hard\libgcc.a(_arm_fixdfsi.o)
                0x08000b78                __aeabi_d2iz
                0x08000b78                __fixdfsi
 .text          0x08000bc8       0x40 D:/STM32CubeIDE/STM32CubeIDE_1.18.1/STM32CubeIDE/plugins/com.st.stm32cube.ide.mcu.externaltools.gnu-tools-for-stm32.13.3.rel1.win32_1.0.0.202411081344/tools/bin/../lib/gcc/arm-none-eabi/13.3.1/thumb/v7e-m+fp/hard\libgcc.a(_arm_fixunsdfsi.o)
                0x08000bc8                __aeabi_d2uiz
                0x08000bc8                __fixunsdfsi
 .text          0x08000c08       0xa0 D:/STM32CubeIDE/STM32CubeIDE_1.18.1/STM32CubeIDE/plugins/com.st.stm32cube.ide.mcu.externaltools.gnu-tools-for-stm32.13.3.rel1.win32_1.0.0.202411081344/tools/bin/../lib/gcc/arm-none-eabi/13.3.1/thumb/v7e-m+fp/hard\libgcc.a(_arm_truncdfsf2.o)
                0x08000c08                __truncdfsf2
                0x08000c08                __aeabi_d2f
 .text          0x08000ca8       0x30 D:/STM32CubeIDE/STM32CubeIDE_1.18.1/STM32CubeIDE/plugins/com.st.stm32cube.ide.mcu.externaltools.gnu-tools-for-stm32.13.3.rel1.win32_1.0.0.202411081344/tools/bin/../lib/gcc/arm-none-eabi/13.3.1/thumb/v7e-m+fp/hard\libgcc.a(_aeabi_uldivmod.o)
                0x08000ca8                __aeabi_uldivmod
 .text          0x08000cd8       0x30 D:/STM32CubeIDE/STM32CubeIDE_1.18.1/STM32CubeIDE/plugins/com.st.stm32cube.ide.mcu.externaltools.gnu-tools-for-stm32.13.3.rel1.win32_1.0.0.202411081344/tools/bin/../lib/gcc/arm-none-eabi/13.3.1/thumb/v7e-m+fp/hard\libgcc.a(_fixdfdi.o)
                0x08000cd8                __fixdfdi
                0x08000cd8                __aeabi_d2lz
 .text          0x08000d08       0x3c D:/STM32CubeIDE/STM32CubeIDE_1.18.1/STM32CubeIDE/plugins/com.st.stm32cube.ide.mcu.externaltools.gnu-tools-for-stm32.13.3.rel1.win32_1.0.0.202411081344/tools/bin/../lib/gcc/arm-none-eabi/13.3.1/thumb/v7e-m+fp/hard\libgcc.a(_fixunsdfdi.o)
                0x08000d08                __fixunsdfdi
                0x08000d08                __aeabi_d2ulz
 .text          0x08000d44      0x2f8 D:/STM32CubeIDE/STM32CubeIDE_1.18.1/STM32CubeIDE/plugins/com.st.stm32cube.ide.mcu.externaltools.gnu-tools-for-stm32.13.3.rel1.win32_1.0.0.202411081344/tools/bin/../lib/gcc/arm-none-eabi/13.3.1/thumb/v7e-m+fp/hard\libgcc.a(_udivmoddi4.o)
                0x08000d44                __udivmoddi4
 .text          0x0800103c        0x4 D:/STM32CubeIDE/STM32CubeIDE_1.18.1/STM32CubeIDE/plugins/com.st.stm32cube.ide.mcu.externaltools.gnu-tools-for-stm32.13.3.rel1.win32_1.0.0.202411081344/tools/bin/../lib/gcc/arm-none-eabi/13.3.1/thumb/v7e-m+fp/hard\libgcc.a(_dvmd_tls.o)
                0x0800103c                __aeabi_idiv0
                0x0800103c                __aeabi_ldiv0
 *(.text*)
 .text.vApplicationGetIdleTaskMemory
                0x08001040       0x34 ./Application/User/Core/freertos.o
                0x08001040                vApplicationGetIdleTaskMemory
 .text.main     0x08001074       0x5c ./Application/User/Core/main.o
                0x08001074                main
 .text.SystemClock_Config
                0x080010d0       0xa2 ./Application/User/Core/main.o
                0x080010d0                SystemClock_Config
 *fill*         0x08001172        0x2 
 .text.MX_GPIO_Init
                0x08001174       0xd0 ./Application/User/Core/main.o
 .text.StartDefaultTask
                0x08001244       0x74 ./Application/User/Core/main.o
                0x08001244                StartDefaultTask
 .text.HAL_TIM_PeriodElapsedCallback
                0x080012b8       0x24 ./Application/User/Core/main.o
                0x080012b8                HAL_TIM_PeriodElapsedCallback
 .text.Error_Handler
                0x080012dc        0xc ./Application/User/Core/main.o
                0x080012dc                Error_Handler
 .text.HAL_MspInit
                0x080012e8       0x50 ./Application/User/Core/stm32l4xx_hal_msp.o
                0x080012e8                HAL_MspInit
 .text.HAL_InitTick
                0x08001338       0xdc ./Application/User/Core/stm32l4xx_hal_timebase_tim.o
                0x08001338                HAL_InitTick
 .text.NMI_Handler
                0x08001414        0x8 ./Application/User/Core/stm32l4xx_it.o
                0x08001414                NMI_Handler
 .text.HardFault_Handler
                0x0800141c        0x8 ./Application/User/Core/stm32l4xx_it.o
                0x0800141c                HardFault_Handler
 .text.MemManage_Handler
                0x08001424        0x8 ./Application/User/Core/stm32l4xx_it.o
                0x08001424                MemManage_Handler
 .text.BusFault_Handler
                0x0800142c        0x8 ./Application/User/Core/stm32l4xx_it.o
                0x0800142c                BusFault_Handler
 .text.UsageFault_Handler
                0x08001434        0x8 ./Application/User/Core/stm32l4xx_it.o
                0x08001434                UsageFault_Handler
 .text.DebugMon_Handler
                0x0800143c        0xe ./Application/User/Core/stm32l4xx_it.o
                0x0800143c                DebugMon_Handler
 *fill*         0x0800144a        0x2 
 .text.TIM1_UP_TIM16_IRQHandler
                0x0800144c       0x14 ./Application/User/Core/stm32l4xx_it.o
                0x0800144c                TIM1_UP_TIM16_IRQHandler
 .text.I2C1_EV_IRQHandler
                0x08001460       0x14 ./Application/User/Core/stm32l4xx_it.o
                0x08001460                I2C1_EV_IRQHandler
 .text.I2C1_ER_IRQHandler
                0x08001474       0x14 ./Application/User/Core/stm32l4xx_it.o
                0x08001474                I2C1_ER_IRQHandler
 .text.BSP_COM_Init
                0x08001488       0x7c ./Application/User/Core/stm32l4xx_nucleo.o
                0x08001488                BSP_COM_Init
 .text.MX_USART2_UART_Init
                0x08001504       0x68 ./Application/User/Core/stm32l4xx_nucleo.o
                0x08001504                MX_USART2_UART_Init
 .text.__io_putchar
                0x0800156c       0x38 ./Application/User/Core/stm32l4xx_nucleo.o
                0x0800156c                __io_putchar
 .text.USART2_MspInit
                0x080015a4       0xbc ./Application/User/Core/stm32l4xx_nucleo.o
 .text.BSP_I2C1_Init
                0x08001660       0x90 ./Application/User/Core/stm32l4xx_nucleo_bus.o
                0x08001660                BSP_I2C1_Init
 .text.BSP_I2C1_DeInit
                0x080016f0       0x48 ./Application/User/Core/stm32l4xx_nucleo_bus.o
                0x080016f0                BSP_I2C1_DeInit
 .text.BSP_I2C1_RegisterDefaultMspCallbacks
                0x08001738       0x64 ./Application/User/Core/stm32l4xx_nucleo_bus.o
                0x08001738                BSP_I2C1_RegisterDefaultMspCallbacks
 .text.BSP_GetTick
                0x0800179c        0xe ./Application/User/Core/stm32l4xx_nucleo_bus.o
                0x0800179c                BSP_GetTick
 *fill*         0x080017aa        0x2 
 .text.MX_I2C1_Init
                0x080017ac       0x88 ./Application/User/Core/stm32l4xx_nucleo_bus.o
                0x080017ac                MX_I2C1_Init
 .text.I2C1_MspInit
                0x08001834       0xe0 ./Application/User/Core/stm32l4xx_nucleo_bus.o
 .text.I2C1_MspDeInit
                0x08001914       0x44 ./Application/User/Core/stm32l4xx_nucleo_bus.o
 .text._getpid  0x08001958       0x10 ./Application/User/Core/syscalls.o
                0x08001958                _getpid
 .text._kill    0x08001968       0x20 ./Application/User/Core/syscalls.o
                0x08001968                _kill
 .text._exit    0x08001988       0x16 ./Application/User/Core/syscalls.o
                0x08001988                _exit
 .text._read    0x0800199e       0x3a ./Application/User/Core/syscalls.o
                0x0800199e                _read
 .text._write   0x080019d8       0x38 ./Application/User/Core/syscalls.o
                0x080019d8                _write
 .text._close   0x08001a10       0x18 ./Application/User/Core/syscalls.o
                0x08001a10                _close
 .text._fstat   0x08001a28       0x20 ./Application/User/Core/syscalls.o
                0x08001a28                _fstat
 .text._isatty  0x08001a48       0x16 ./Application/User/Core/syscalls.o
                0x08001a48                _isatty
 .text._lseek   0x08001a5e       0x1a ./Application/User/Core/syscalls.o
                0x08001a5e                _lseek
 .text._sbrk    0x08001a78       0x6c ./Application/User/Core/sysmem.o
                0x08001a78                _sbrk
 .text.MX_GNSS_Init
                0x08001ae4       0x18 ./Application/User/GNSS/App/app_gnss.o
                0x08001ae4                MX_GNSS_Init
 .text.MX_GNSS_PreOSInit
                0x08001afc        0xe ./Application/User/GNSS/App/app_gnss.o
                0x08001afc                MX_GNSS_PreOSInit
 .text.MX_GNSS_PostOSInit
                0x08001b0a       0x14 ./Application/User/GNSS/App/app_gnss.o
                0x08001b0a                MX_GNSS_PostOSInit
 *fill*         0x08001b1e        0x2 
 .text.GNSSData_Mutex_Init
                0x08001b20       0x28 ./Application/User/GNSS/App/app_gnss.o
 .text.Teseo_Consumer_Task_Init
                0x08001b48       0x38 ./Application/User/GNSS/App/app_gnss.o
 .text.Background_Task_Init
                0x08001b80       0x38 ./Application/User/GNSS/App/app_gnss.o
 .text.Console_Parse_Task_Init
                0x08001bb8       0x38 ./Application/User/GNSS/App/app_gnss.o
 .text.BackgroundTask
                0x08001bf0       0x10 ./Application/User/GNSS/App/app_gnss.o
 .text.TeseoConsumerTask
                0x08001c00       0xdc ./Application/User/GNSS/App/app_gnss.o
 .text.ConsoleParseTask
                0x08001cdc       0xc8 ./Application/User/GNSS/App/app_gnss.o
 .text.ConsoleRead
                0x08001da4       0x7c ./Application/User/GNSS/App/app_gnss.o
 .text.AppCmdProcess
                0x08001e20      0x540 ./Application/User/GNSS/App/app_gnss.o
 .text.AppCfgMsgList
                0x08002360       0x1a ./Application/User/GNSS/App/app_gnss.o
 *fill*         0x0800237a        0x2 
 .text.ConsoleReadable
                0x0800237c       0x3c ./Application/User/GNSS/App/app_gnss.o
 .text.GetSWVerCmdIsAllowed
                0x080023b8       0x96 ./Application/User/GNSS/App/app_gnss.o
 *fill*         0x0800244e        0x2 
 .text.GNSS_PRINT
                0x08002450       0x48 ./Application/User/GNSS/App/app_gnss.o
                0x08002450                GNSS_PRINT
 .text.GNSS_PUTC
                0x08002498       0x40 ./Application/User/GNSS/App/app_gnss.o
                0x08002498                GNSS_PUTC
 .text.printHelp
                0x080024d8       0xa0 ./Application/User/GNSS/App/gnss_utils.o
                0x080024d8                printHelp
 .text.showCmds
                0x08002578       0xb4 ./Application/User/GNSS/App/gnss_utils.o
                0x08002578                showCmds
 .text.showPrompt
                0x0800262c       0x14 ./Application/User/GNSS/App/gnss_utils.o
                0x0800262c                showPrompt
 .text.GNSS_Wrapper_Send
                0x08002640       0x30 ./Application/User/GNSS/Target/gnss_lib_config.o
                0x08002640                GNSS_Wrapper_Send
 .text.GNSS_Wrapper_Reset
                0x08002670       0x1c ./Application/User/GNSS/Target/gnss_lib_config.o
                0x08002670                GNSS_Wrapper_Reset
 .text.BSP_I2C1_Send_IT
                0x0800268c       0x48 ./Application/User/GNSS/Target/stm32_bus_ex.o
                0x0800268c                BSP_I2C1_Send_IT
 .text.BSP_I2C1_Recv_IT
                0x080026d4       0x48 ./Application/User/GNSS/Target/stm32_bus_ex.o
                0x080026d4                BSP_I2C1_Recv_IT
 .text.BSP_I2C1_RegisterRxCallback
                0x0800271c       0x30 ./Application/User/GNSS/Target/stm32_bus_ex.o
                0x0800271c                BSP_I2C1_RegisterRxCallback
 .text.BSP_I2C1_RegisterErrorCallback
                0x0800274c       0x30 ./Application/User/GNSS/Target/stm32_bus_ex.o
                0x0800274c                BSP_I2C1_RegisterErrorCallback
 .text.BSP_I2C1_RegisterAbortCallback
                0x0800277c       0x30 ./Application/User/GNSS/Target/stm32_bus_ex.o
                0x0800277c                BSP_I2C1_RegisterAbortCallback
 .text.Reset_Handler
                0x080027ac       0x50 ./Application/User/Startup/startup_stm32l476rgtx.o
                0x080027ac                Reset_Handler
 .text.Default_Handler
                0x080027fc        0x2 ./Application/User/Startup/startup_stm32l476rgtx.o
                0x080027fc                RTC_Alarm_IRQHandler
                0x080027fc                EXTI2_IRQHandler
                0x080027fc                TIM8_TRG_COM_IRQHandler
                0x080027fc                TIM8_CC_IRQHandler
                0x080027fc                TIM1_CC_IRQHandler
                0x080027fc                TSC_IRQHandler
                0x080027fc                TAMP_STAMP_IRQHandler
                0x080027fc                EXTI3_IRQHandler
                0x080027fc                LPTIM2_IRQHandler
                0x080027fc                DFSDM1_FLT1_IRQHandler
                0x080027fc                I2C3_ER_IRQHandler
                0x080027fc                DFSDM1_FLT2_IRQHandler
                0x080027fc                EXTI0_IRQHandler
                0x080027fc                I2C2_EV_IRQHandler
                0x080027fc                CAN1_RX0_IRQHandler
                0x080027fc                FPU_IRQHandler
                0x080027fc                ADC1_2_IRQHandler
                0x080027fc                SPI1_IRQHandler
                0x080027fc                TIM6_DAC_IRQHandler
                0x080027fc                TIM8_UP_IRQHandler
                0x080027fc                DMA2_Channel2_IRQHandler
                0x080027fc                DMA1_Channel4_IRQHandler
                0x080027fc                SAI2_IRQHandler
                0x080027fc                DFSDM1_FLT3_IRQHandler
                0x080027fc                USART3_IRQHandler
                0x080027fc                DMA1_Channel7_IRQHandler
                0x080027fc                CAN1_RX1_IRQHandler
                0x080027fc                LCD_IRQHandler
                0x080027fc                UART5_IRQHandler
                0x080027fc                ADC3_IRQHandler
                0x080027fc                TIM4_IRQHandler
                0x080027fc                DMA2_Channel1_IRQHandler
                0x080027fc                QUADSPI_IRQHandler
                0x080027fc                DMA1_Channel6_IRQHandler
                0x080027fc                UART4_IRQHandler
                0x080027fc                DMA2_Channel4_IRQHandler
                0x080027fc                TIM3_IRQHandler
                0x080027fc                RCC_IRQHandler
                0x080027fc                DMA1_Channel1_IRQHandler
                0x080027fc                Default_Handler
                0x080027fc                DMA2_Channel7_IRQHandler
                0x080027fc                EXTI15_10_IRQHandler
                0x080027fc                TIM7_IRQHandler
                0x080027fc                SDMMC1_IRQHandler
                0x080027fc                TIM5_IRQHandler
                0x080027fc                I2C3_EV_IRQHandler
                0x080027fc                EXTI9_5_IRQHandler
                0x080027fc                RTC_WKUP_IRQHandler
                0x080027fc                PVD_PVM_IRQHandler
                0x080027fc                SPI2_IRQHandler
                0x080027fc                CAN1_TX_IRQHandler
                0x080027fc                DMA2_Channel5_IRQHandler
                0x080027fc                DMA1_Channel5_IRQHandler
                0x080027fc                EXTI4_IRQHandler
                0x080027fc                RNG_IRQHandler
                0x080027fc                TIM1_TRG_COM_TIM17_IRQHandler
                0x080027fc                DMA1_Channel3_IRQHandler
                0x080027fc                COMP_IRQHandler
                0x080027fc                WWDG_IRQHandler
                0x080027fc                LPUART1_IRQHandler
                0x080027fc                DMA2_Channel6_IRQHandler
                0x080027fc                TIM2_IRQHandler
                0x080027fc                EXTI1_IRQHandler
                0x080027fc                USART2_IRQHandler
                0x080027fc                DFSDM1_FLT0_IRQHandler
                0x080027fc                I2C2_ER_IRQHandler
                0x080027fc                DMA1_Channel2_IRQHandler
                0x080027fc                TIM8_BRK_IRQHandler
                0x080027fc                CAN1_SCE_IRQHandler
                0x080027fc                FLASH_IRQHandler
                0x080027fc                USART1_IRQHandler
                0x080027fc                OTG_FS_IRQHandler
                0x080027fc                SPI3_IRQHandler
                0x080027fc                FMC_IRQHandler
                0x080027fc                SWPMI1_IRQHandler
                0x080027fc                LPTIM1_IRQHandler
                0x080027fc                SAI1_IRQHandler
                0x080027fc                DMA2_Channel3_IRQHandler
                0x080027fc                TIM1_BRK_TIM15_IRQHandler
 .text.teseo_i2c_enable
                0x080027fe       0x1c ./Drivers/BSP/Components/teseo_liv3f.o
 .text.teseo_i2c_disable
                0x0800281a       0x1c ./Drivers/BSP/Components/teseo_liv3f.o
 .text.teseo_i2c_rx_callback_ok
                0x08002836        0xe ./Drivers/BSP/Components/teseo_liv3f.o
 .text.teseo_i2c_rx_callback_error
                0x08002844        0xe ./Drivers/BSP/Components/teseo_liv3f.o
 .text.teseo_i2c_rx_callback_abort
                0x08002852        0xe ./Drivers/BSP/Components/teseo_liv3f.o
 .text.TESEO_LIV3F_RegisterBusIO
                0x08002860       0xb0 ./Drivers/BSP/Components/teseo_liv3f.o
                0x08002860                TESEO_LIV3F_RegisterBusIO
 .text.TESEO_LIV3F_Init
                0x08002910       0x5c ./Drivers/BSP/Components/teseo_liv3f.o
                0x08002910                TESEO_LIV3F_Init
 .text.TESEO_LIV3F_DeInit
                0x0800296c       0x56 ./Drivers/BSP/Components/teseo_liv3f.o
                0x0800296c                TESEO_LIV3F_DeInit
 .text.TESEO_LIV3F_GetMessage
                0x080029c2       0x1c ./Drivers/BSP/Components/teseo_liv3f.o
                0x080029c2                TESEO_LIV3F_GetMessage
 .text.TESEO_LIV3F_ReleaseMessage
                0x080029de       0x20 ./Drivers/BSP/Components/teseo_liv3f.o
                0x080029de                TESEO_LIV3F_ReleaseMessage
 .text.TESEO_LIV3F_Send
                0x080029fe       0x2a ./Drivers/BSP/Components/teseo_liv3f.o
                0x080029fe                TESEO_LIV3F_Send
 .text.TESEO_LIV3F_I2C_BackgroundProcess
                0x08002a28        0xc ./Drivers/BSP/Components/teseo_liv3f.o
                0x08002a28                TESEO_LIV3F_I2C_BackgroundProcess
 .text.TESEO_LIV3F_I2C_RxCb
                0x08002a34        0xc ./Drivers/BSP/Components/teseo_liv3f.o
                0x08002a34                TESEO_LIV3F_I2C_RxCb
 .text.TESEO_LIV3F_I2C_ErrorCb
                0x08002a40        0xc ./Drivers/BSP/Components/teseo_liv3f.o
                0x08002a40                TESEO_LIV3F_I2C_ErrorCb
 .text.TESEO_LIV3F_I2C_AbortCb
                0x08002a4c        0xc ./Drivers/BSP/Components/teseo_liv3f.o
                0x08002a4c                TESEO_LIV3F_I2C_AbortCb
 .text.TESEO_LIV3F_Enable
                0x08002a58       0x46 ./Drivers/BSP/Components/teseo_liv3f.o
 .text.TESEO_LIV3F_Disable
                0x08002a9e       0x46 ./Drivers/BSP/Components/teseo_liv3f.o
 .text.ReceiveWrap
                0x08002ae4       0x2e ./Drivers/BSP/Components/teseo_liv3f.o
 .text.TransmitWrap
                0x08002b12       0x2e ./Drivers/BSP/Components/teseo_liv3f.o
 .text.GetTickWrap
                0x08002b40       0x1c ./Drivers/BSP/Components/teseo_liv3f.o
 .text.ClearOREFWrap
                0x08002b5c       0x1a ./Drivers/BSP/Components/teseo_liv3f.o
 *fill*         0x08002b76        0x2 
 .text.i2c_fsm  0x08002b78      0x178 ./Drivers/BSP/Components/teseo_liv3f_i2c.o
 .text.teseo_i2c_rx_callback
                0x08002cf0       0xdc ./Drivers/BSP/Components/teseo_liv3f_i2c.o
                0x08002cf0                teseo_i2c_rx_callback
 .text.teseo_i2c_onoff
                0x08002dcc       0xa4 ./Drivers/BSP/Components/teseo_liv3f_i2c.o
                0x08002dcc                teseo_i2c_onoff
 .text.teseo_i2c_background_process
                0x08002e70       0x54 ./Drivers/BSP/Components/teseo_liv3f_i2c.o
                0x08002e70                teseo_i2c_background_process
 .text.teseo_ffs
                0x08002ec4       0x8c ./Drivers/BSP/Components/teseo_liv3f_queue.o
 .text.Teseo_Queue_static_alloc
                0x08002f50       0x14 ./Drivers/BSP/Components/teseo_liv3f_queue.o
 .text.__find_msg_idx
                0x08002f64       0x40 ./Drivers/BSP/Components/teseo_liv3f_queue.o
 .text.__check_unreleased_buffer
                0x08002fa4       0x14 ./Drivers/BSP/Components/teseo_liv3f_queue.o
 .text.check_longer_msg
                0x08002fb8       0xb8 ./Drivers/BSP/Components/teseo_liv3f_queue.o
 .text.teseo_queue_init
                0x08003070       0x74 ./Drivers/BSP/Components/teseo_liv3f_queue.o
                0x08003070                teseo_queue_init
 .text.teseo_queue_claim_wr_buffer
                0x080030e4       0x5a ./Drivers/BSP/Components/teseo_liv3f_queue.o
                0x080030e4                teseo_queue_claim_wr_buffer
 .text.teseo_queue_release_wr_buffer
                0x0800313e       0x4c ./Drivers/BSP/Components/teseo_liv3f_queue.o
                0x0800313e                teseo_queue_release_wr_buffer
 .text.teseo_queue_claim_rd_buffer
                0x0800318a       0x62 ./Drivers/BSP/Components/teseo_liv3f_queue.o
                0x0800318a                teseo_queue_claim_rd_buffer
 .text.teseo_queue_release_rd_buffer
                0x080031ec       0x42 ./Drivers/BSP/Components/teseo_liv3f_queue.o
                0x080031ec                teseo_queue_release_rd_buffer
 *fill*         0x0800322e        0x2 
 .text.teseo_uart_rx_onoff
                0x08003230       0x70 ./Drivers/BSP/Components/teseo_liv3f_uart.o
                0x08003230                teseo_uart_rx_onoff
 .text.GNSS1A1_GNSS_Init
                0x080032a0       0x38 ./Drivers/BSP/GNSS1A1/gnss1a1_gnss.o
                0x080032a0                GNSS1A1_GNSS_Init
 .text.GNSS1A1_GNSS_GetMessage
                0x080032d8       0x2c ./Drivers/BSP/GNSS1A1/gnss1a1_gnss.o
                0x080032d8                GNSS1A1_GNSS_GetMessage
 .text.GNSS1A1_GNSS_ReleaseMessage
                0x08003304       0x40 ./Drivers/BSP/GNSS1A1/gnss1a1_gnss.o
                0x08003304                GNSS1A1_GNSS_ReleaseMessage
 .text.GNSS1A1_GNSS_Send
                0x08003344       0x40 ./Drivers/BSP/GNSS1A1/gnss1a1_gnss.o
                0x08003344                GNSS1A1_GNSS_Send
 .text.GNSS1A1_GNSS_Wakeup_Status
                0x08003384       0x44 ./Drivers/BSP/GNSS1A1/gnss1a1_gnss.o
                0x08003384                GNSS1A1_GNSS_Wakeup_Status
 .text.GNSS1A1_GNSS_Reset
                0x080033c8       0x54 ./Drivers/BSP/GNSS1A1/gnss1a1_gnss.o
                0x080033c8                GNSS1A1_GNSS_Reset
 .text.GNSS1A1_GNSS_BackgroundProcess
                0x0800341c       0x14 ./Drivers/BSP/GNSS1A1/gnss1a1_gnss.o
                0x0800341c                GNSS1A1_GNSS_BackgroundProcess
 .text.TESEO_LIV3F_Probe
                0x08003430       0x80 ./Drivers/BSP/GNSS1A1/gnss1a1_gnss.o
 .text.GNSS1A1_GNSS_Rst
                0x080034b0       0x30 ./Drivers/BSP/GNSS1A1/gnss1a1_gnss.o
 .text.GNSS1A1_GNSS_RegisterCallbacks
                0x080034e0       0x28 ./Drivers/BSP/GNSS1A1/gnss1a1_gnss.o
 .text.GNSS1A1_GNSS_I2C_RxCb
                0x08003508       0x14 ./Drivers/BSP/GNSS1A1/gnss1a1_gnss.o
                0x08003508                GNSS1A1_GNSS_I2C_RxCb
 .text.GNSS1A1_GNSS_I2C_ErrorCb
                0x0800351c       0x14 ./Drivers/BSP/GNSS1A1/gnss1a1_gnss.o
                0x0800351c                GNSS1A1_GNSS_I2C_ErrorCb
 .text.GNSS1A1_GNSS_I2C_AbortCb
                0x08003530       0x14 ./Drivers/BSP/GNSS1A1/gnss1a1_gnss.o
                0x08003530                GNSS1A1_GNSS_I2C_AbortCb
 .text.SystemInit
                0x08003544       0x64 ./Drivers/CMSIS/system_stm32l4xx.o
                0x08003544                SystemInit
 .text.HAL_Init
                0x080035a8       0x40 ./Drivers/STM32L4xx_HAL_Driver/stm32l4xx_hal.o
                0x080035a8                HAL_Init
 .text.HAL_IncTick
                0x080035e8       0x28 ./Drivers/STM32L4xx_HAL_Driver/stm32l4xx_hal.o
                0x080035e8                HAL_IncTick
 .text.HAL_GetTick
                0x08003610       0x18 ./Drivers/STM32L4xx_HAL_Driver/stm32l4xx_hal.o
                0x08003610                HAL_GetTick
 .text.HAL_Delay
                0x08003628       0x48 ./Drivers/STM32L4xx_HAL_Driver/stm32l4xx_hal.o
                0x08003628                HAL_Delay
 .text.__NVIC_SetPriorityGrouping
                0x08003670       0x48 ./Drivers/STM32L4xx_HAL_Driver/stm32l4xx_hal_cortex.o
 .text.__NVIC_GetPriorityGrouping
                0x080036b8       0x1c ./Drivers/STM32L4xx_HAL_Driver/stm32l4xx_hal_cortex.o
 .text.__NVIC_EnableIRQ
                0x080036d4       0x3c ./Drivers/STM32L4xx_HAL_Driver/stm32l4xx_hal_cortex.o
 .text.__NVIC_DisableIRQ
                0x08003710       0x48 ./Drivers/STM32L4xx_HAL_Driver/stm32l4xx_hal_cortex.o
 .text.__NVIC_SetPriority
                0x08003758       0x54 ./Drivers/STM32L4xx_HAL_Driver/stm32l4xx_hal_cortex.o
 .text.NVIC_EncodePriority
                0x080037ac       0x66 ./Drivers/STM32L4xx_HAL_Driver/stm32l4xx_hal_cortex.o
 .text.HAL_NVIC_SetPriorityGrouping
                0x08003812       0x16 ./Drivers/STM32L4xx_HAL_Driver/stm32l4xx_hal_cortex.o
                0x08003812                HAL_NVIC_SetPriorityGrouping
 .text.HAL_NVIC_SetPriority
                0x08003828       0x38 ./Drivers/STM32L4xx_HAL_Driver/stm32l4xx_hal_cortex.o
                0x08003828                HAL_NVIC_SetPriority
 .text.HAL_NVIC_EnableIRQ
                0x08003860       0x1c ./Drivers/STM32L4xx_HAL_Driver/stm32l4xx_hal_cortex.o
                0x08003860                HAL_NVIC_EnableIRQ
 .text.HAL_NVIC_DisableIRQ
                0x0800387c       0x1c ./Drivers/STM32L4xx_HAL_Driver/stm32l4xx_hal_cortex.o
                0x0800387c                HAL_NVIC_DisableIRQ
 .text.HAL_DMA_Abort_IT
                0x08003898       0x82 ./Drivers/STM32L4xx_HAL_Driver/stm32l4xx_hal_dma.o
                0x08003898                HAL_DMA_Abort_IT
 .text.HAL_DMA_GetState
                0x0800391a       0x1c ./Drivers/STM32L4xx_HAL_Driver/stm32l4xx_hal_dma.o
                0x0800391a                HAL_DMA_GetState
 *fill*         0x08003936        0x2 
 .text.HAL_GPIO_Init
                0x08003938      0x354 ./Drivers/STM32L4xx_HAL_Driver/stm32l4xx_hal_gpio.o
                0x08003938                HAL_GPIO_Init
 .text.HAL_GPIO_DeInit
                0x08003c8c      0x1e8 ./Drivers/STM32L4xx_HAL_Driver/stm32l4xx_hal_gpio.o
                0x08003c8c                HAL_GPIO_DeInit
 .text.HAL_GPIO_ReadPin
                0x08003e74       0x30 ./Drivers/STM32L4xx_HAL_Driver/stm32l4xx_hal_gpio.o
                0x08003e74                HAL_GPIO_ReadPin
 .text.HAL_GPIO_WritePin
                0x08003ea4       0x30 ./Drivers/STM32L4xx_HAL_Driver/stm32l4xx_hal_gpio.o
                0x08003ea4                HAL_GPIO_WritePin
 .text.HAL_I2C_Init
                0x08003ed4      0x1b0 ./Drivers/STM32L4xx_HAL_Driver/stm32l4xx_hal_i2c.o
                0x08003ed4                HAL_I2C_Init
 .text.HAL_I2C_DeInit
                0x08004084       0x78 ./Drivers/STM32L4xx_HAL_Driver/stm32l4xx_hal_i2c.o
                0x08004084                HAL_I2C_DeInit
 .text.HAL_I2C_MspInit
                0x080040fc       0x14 ./Drivers/STM32L4xx_HAL_Driver/stm32l4xx_hal_i2c.o
                0x080040fc                HAL_I2C_MspInit
 .text.HAL_I2C_MspDeInit
                0x08004110       0x14 ./Drivers/STM32L4xx_HAL_Driver/stm32l4xx_hal_i2c.o
                0x08004110                HAL_I2C_MspDeInit
 .text.HAL_I2C_RegisterCallback
                0x08004124      0x134 ./Drivers/STM32L4xx_HAL_Driver/stm32l4xx_hal_i2c.o
                0x08004124                HAL_I2C_RegisterCallback
 .text.HAL_I2C_Master_Transmit_IT
                0x08004258      0x130 ./Drivers/STM32L4xx_HAL_Driver/stm32l4xx_hal_i2c.o
                0x08004258                HAL_I2C_Master_Transmit_IT
 .text.HAL_I2C_Master_Receive_IT
                0x08004388       0xe0 ./Drivers/STM32L4xx_HAL_Driver/stm32l4xx_hal_i2c.o
                0x08004388                HAL_I2C_Master_Receive_IT
 .text.HAL_I2C_EV_IRQHandler
                0x08004468       0x34 ./Drivers/STM32L4xx_HAL_Driver/stm32l4xx_hal_i2c.o
                0x08004468                HAL_I2C_EV_IRQHandler
 .text.HAL_I2C_ER_IRQHandler
                0x0800449c       0xc2 ./Drivers/STM32L4xx_HAL_Driver/stm32l4xx_hal_i2c.o
                0x0800449c                HAL_I2C_ER_IRQHandler
 .text.HAL_I2C_MasterTxCpltCallback
                0x0800455e       0x14 ./Drivers/STM32L4xx_HAL_Driver/stm32l4xx_hal_i2c.o
                0x0800455e                HAL_I2C_MasterTxCpltCallback
 .text.HAL_I2C_MasterRxCpltCallback
                0x08004572       0x14 ./Drivers/STM32L4xx_HAL_Driver/stm32l4xx_hal_i2c.o
                0x08004572                HAL_I2C_MasterRxCpltCallback
 .text.HAL_I2C_SlaveTxCpltCallback
                0x08004586       0x14 ./Drivers/STM32L4xx_HAL_Driver/stm32l4xx_hal_i2c.o
                0x08004586                HAL_I2C_SlaveTxCpltCallback
 .text.HAL_I2C_SlaveRxCpltCallback
                0x0800459a       0x14 ./Drivers/STM32L4xx_HAL_Driver/stm32l4xx_hal_i2c.o
                0x0800459a                HAL_I2C_SlaveRxCpltCallback
 .text.HAL_I2C_AddrCallback
                0x080045ae       0x1c ./Drivers/STM32L4xx_HAL_Driver/stm32l4xx_hal_i2c.o
                0x080045ae                HAL_I2C_AddrCallback
 .text.HAL_I2C_ListenCpltCallback
                0x080045ca       0x14 ./Drivers/STM32L4xx_HAL_Driver/stm32l4xx_hal_i2c.o
                0x080045ca                HAL_I2C_ListenCpltCallback
 .text.HAL_I2C_MemTxCpltCallback
                0x080045de       0x14 ./Drivers/STM32L4xx_HAL_Driver/stm32l4xx_hal_i2c.o
                0x080045de                HAL_I2C_MemTxCpltCallback
 .text.HAL_I2C_MemRxCpltCallback
                0x080045f2       0x14 ./Drivers/STM32L4xx_HAL_Driver/stm32l4xx_hal_i2c.o
                0x080045f2                HAL_I2C_MemRxCpltCallback
 .text.HAL_I2C_ErrorCallback
                0x08004606       0x14 ./Drivers/STM32L4xx_HAL_Driver/stm32l4xx_hal_i2c.o
                0x08004606                HAL_I2C_ErrorCallback
 .text.HAL_I2C_AbortCpltCallback
                0x0800461a       0x14 ./Drivers/STM32L4xx_HAL_Driver/stm32l4xx_hal_i2c.o
                0x0800461a                HAL_I2C_AbortCpltCallback
 .text.HAL_I2C_GetState
                0x0800462e       0x1c ./Drivers/STM32L4xx_HAL_Driver/stm32l4xx_hal_i2c.o
                0x0800462e                HAL_I2C_GetState
 .text.I2C_Master_ISR_IT
                0x0800464a      0x268 ./Drivers/STM32L4xx_HAL_Driver/stm32l4xx_hal_i2c.o
 .text.I2C_Slave_ISR_IT
                0x080048b2      0x206 ./Drivers/STM32L4xx_HAL_Driver/stm32l4xx_hal_i2c.o
 .text.I2C_Master_ISR_DMA
                0x08004ab8      0x1e6 ./Drivers/STM32L4xx_HAL_Driver/stm32l4xx_hal_i2c.o
 *fill*         0x08004c9e        0x2 
 .text.I2C_Mem_ISR_DMA
                0x08004ca0      0x260 ./Drivers/STM32L4xx_HAL_Driver/stm32l4xx_hal_i2c.o
 .text.I2C_Slave_ISR_DMA
                0x08004f00      0x1c0 ./Drivers/STM32L4xx_HAL_Driver/stm32l4xx_hal_i2c.o
 .text.I2C_ITAddrCplt
                0x080050c0      0x108 ./Drivers/STM32L4xx_HAL_Driver/stm32l4xx_hal_i2c.o
 .text.I2C_ITMasterSeqCplt
                0x080051c8       0x7e ./Drivers/STM32L4xx_HAL_Driver/stm32l4xx_hal_i2c.o
 .text.I2C_ITSlaveSeqCplt
                0x08005246       0xc0 ./Drivers/STM32L4xx_HAL_Driver/stm32l4xx_hal_i2c.o
 *fill*         0x08005306        0x2 
 .text.I2C_ITMasterCplt
                0x08005308      0x19c ./Drivers/STM32L4xx_HAL_Driver/stm32l4xx_hal_i2c.o
 .text.I2C_ITSlaveCplt
                0x080054a4      0x230 ./Drivers/STM32L4xx_HAL_Driver/stm32l4xx_hal_i2c.o
 .text.I2C_ITListenCplt
                0x080056d4       0xac ./Drivers/STM32L4xx_HAL_Driver/stm32l4xx_hal_i2c.o
 .text.I2C_ITError
                0x08005780      0x1e0 ./Drivers/STM32L4xx_HAL_Driver/stm32l4xx_hal_i2c.o
 .text.I2C_TreatErrorCallback
                0x08005960       0x52 ./Drivers/STM32L4xx_HAL_Driver/stm32l4xx_hal_i2c.o
 .text.I2C_Flush_TXDR
                0x080059b2       0x48 ./Drivers/STM32L4xx_HAL_Driver/stm32l4xx_hal_i2c.o
 .text.I2C_DMAAbort
                0x080059fa       0x3c ./Drivers/STM32L4xx_HAL_Driver/stm32l4xx_hal_i2c.o
 *fill*         0x08005a36        0x2 
 .text.I2C_TransferConfig
                0x08005a38       0x64 ./Drivers/STM32L4xx_HAL_Driver/stm32l4xx_hal_i2c.o
 .text.I2C_Enable_IRQ
                0x08005a9c      0x108 ./Drivers/STM32L4xx_HAL_Driver/stm32l4xx_hal_i2c.o
 .text.I2C_Disable_IRQ
                0x08005ba4       0xbc ./Drivers/STM32L4xx_HAL_Driver/stm32l4xx_hal_i2c.o
 .text.HAL_I2CEx_ConfigAnalogFilter
                0x08005c60       0x96 ./Drivers/STM32L4xx_HAL_Driver/stm32l4xx_hal_i2c_ex.o
                0x08005c60                HAL_I2CEx_ConfigAnalogFilter
 .text.HAL_I2CEx_ConfigDigitalFilter
                0x08005cf6       0x98 ./Drivers/STM32L4xx_HAL_Driver/stm32l4xx_hal_i2c_ex.o
                0x08005cf6                HAL_I2CEx_ConfigDigitalFilter
 *fill*         0x08005d8e        0x2 
 .text.HAL_PWREx_GetVoltageRange
                0x08005d90       0x1c ./Drivers/STM32L4xx_HAL_Driver/stm32l4xx_hal_pwr_ex.o
                0x08005d90                HAL_PWREx_GetVoltageRange
 .text.HAL_PWREx_ControlVoltageScaling
                0x08005dac       0xac ./Drivers/STM32L4xx_HAL_Driver/stm32l4xx_hal_pwr_ex.o
                0x08005dac                HAL_PWREx_ControlVoltageScaling
 .text.HAL_RCC_OscConfig
                0x08005e58      0x7b8 ./Drivers/STM32L4xx_HAL_Driver/stm32l4xx_hal_rcc.o
                0x08005e58                HAL_RCC_OscConfig
 .text.HAL_RCC_ClockConfig
                0x08006610      0x200 ./Drivers/STM32L4xx_HAL_Driver/stm32l4xx_hal_rcc.o
                0x08006610                HAL_RCC_ClockConfig
 .text.HAL_RCC_GetSysClockFreq
                0x08006810      0x118 ./Drivers/STM32L4xx_HAL_Driver/stm32l4xx_hal_rcc.o
                0x08006810                HAL_RCC_GetSysClockFreq
 .text.HAL_RCC_GetHCLKFreq
                0x08006928       0x18 ./Drivers/STM32L4xx_HAL_Driver/stm32l4xx_hal_rcc.o
                0x08006928                HAL_RCC_GetHCLKFreq
 .text.HAL_RCC_GetPCLK1Freq
                0x08006940       0x2c ./Drivers/STM32L4xx_HAL_Driver/stm32l4xx_hal_rcc.o
                0x08006940                HAL_RCC_GetPCLK1Freq
 .text.HAL_RCC_GetPCLK2Freq
                0x0800696c       0x2c ./Drivers/STM32L4xx_HAL_Driver/stm32l4xx_hal_rcc.o
                0x0800696c                HAL_RCC_GetPCLK2Freq
 .text.HAL_RCC_GetClockConfig
                0x08006998       0x64 ./Drivers/STM32L4xx_HAL_Driver/stm32l4xx_hal_rcc.o
                0x08006998                HAL_RCC_GetClockConfig
 .text.RCC_SetFlashLatencyFromMSIRange
                0x080069fc       0xc0 ./Drivers/STM32L4xx_HAL_Driver/stm32l4xx_hal_rcc.o
 .text.HAL_RCCEx_PeriphCLKConfig
                0x08006abc      0x5d4 ./Drivers/STM32L4xx_HAL_Driver/stm32l4xx_hal_rcc_ex.o
                0x08006abc                HAL_RCCEx_PeriphCLKConfig
 .text.RCCEx_PLLSAI1_Config
                0x08007090      0x1e8 ./Drivers/STM32L4xx_HAL_Driver/stm32l4xx_hal_rcc_ex.o
 .text.RCCEx_PLLSAI2_Config
                0x08007278      0x1bc ./Drivers/STM32L4xx_HAL_Driver/stm32l4xx_hal_rcc_ex.o
 .text.HAL_TIM_Base_Init
                0x08007434       0xae ./Drivers/STM32L4xx_HAL_Driver/stm32l4xx_hal_tim.o
                0x08007434                HAL_TIM_Base_Init
 .text.HAL_TIM_Base_MspInit
                0x080074e2       0x14 ./Drivers/STM32L4xx_HAL_Driver/stm32l4xx_hal_tim.o
                0x080074e2                HAL_TIM_Base_MspInit
 *fill*         0x080074f6        0x2 
 .text.HAL_TIM_Base_Start_IT
                0x080074f8       0xe0 ./Drivers/STM32L4xx_HAL_Driver/stm32l4xx_hal_tim.o
                0x080074f8                HAL_TIM_Base_Start_IT
 .text.HAL_TIM_IRQHandler
                0x080075d8      0x204 ./Drivers/STM32L4xx_HAL_Driver/stm32l4xx_hal_tim.o
                0x080075d8                HAL_TIM_IRQHandler
 .text.HAL_TIM_OC_DelayElapsedCallback
                0x080077dc       0x14 ./Drivers/STM32L4xx_HAL_Driver/stm32l4xx_hal_tim.o
                0x080077dc                HAL_TIM_OC_DelayElapsedCallback
 .text.HAL_TIM_IC_CaptureCallback
                0x080077f0       0x14 ./Drivers/STM32L4xx_HAL_Driver/stm32l4xx_hal_tim.o
                0x080077f0                HAL_TIM_IC_CaptureCallback
 .text.HAL_TIM_PWM_PulseFinishedCallback
                0x08007804       0x14 ./Drivers/STM32L4xx_HAL_Driver/stm32l4xx_hal_tim.o
                0x08007804                HAL_TIM_PWM_PulseFinishedCallback
 .text.HAL_TIM_TriggerCallback
                0x08007818       0x14 ./Drivers/STM32L4xx_HAL_Driver/stm32l4xx_hal_tim.o
                0x08007818                HAL_TIM_TriggerCallback
 .text.TIM_Base_SetConfig
                0x0800782c      0x134 ./Drivers/STM32L4xx_HAL_Driver/stm32l4xx_hal_tim.o
                0x0800782c                TIM_Base_SetConfig
 .text.HAL_TIMEx_CommutCallback
                0x08007960       0x14 ./Drivers/STM32L4xx_HAL_Driver/stm32l4xx_hal_tim_ex.o
                0x08007960                HAL_TIMEx_CommutCallback
 .text.HAL_TIMEx_BreakCallback
                0x08007974       0x14 ./Drivers/STM32L4xx_HAL_Driver/stm32l4xx_hal_tim_ex.o
                0x08007974                HAL_TIMEx_BreakCallback
 .text.HAL_TIMEx_Break2Callback
                0x08007988       0x14 ./Drivers/STM32L4xx_HAL_Driver/stm32l4xx_hal_tim_ex.o
                0x08007988                HAL_TIMEx_Break2Callback
 .text.HAL_UART_Init
                0x0800799c       0x9c ./Drivers/STM32L4xx_HAL_Driver/stm32l4xx_hal_uart.o
                0x0800799c                HAL_UART_Init
 .text.HAL_UART_MspInit
                0x08007a38       0x14 ./Drivers/STM32L4xx_HAL_Driver/stm32l4xx_hal_uart.o
                0x08007a38                HAL_UART_MspInit
 .text.HAL_UART_Transmit
                0x08007a4c      0x112 ./Drivers/STM32L4xx_HAL_Driver/stm32l4xx_hal_uart.o
                0x08007a4c                HAL_UART_Transmit
 .text.HAL_UART_Receive
                0x08007b5e      0x192 ./Drivers/STM32L4xx_HAL_Driver/stm32l4xx_hal_uart.o
                0x08007b5e                HAL_UART_Receive
 .text.UART_SetConfig
                0x08007cf0      0x570 ./Drivers/STM32L4xx_HAL_Driver/stm32l4xx_hal_uart.o
                0x08007cf0                UART_SetConfig
 .text.UART_AdvFeatureConfig
                0x08008260      0x144 ./Drivers/STM32L4xx_HAL_Driver/stm32l4xx_hal_uart.o
                0x08008260                UART_AdvFeatureConfig
 .text.UART_CheckIdleState
                0x080083a4      0x150 ./Drivers/STM32L4xx_HAL_Driver/stm32l4xx_hal_uart.o
                0x080083a4                UART_CheckIdleState
 .text.UART_WaitOnFlagUntilTimeout
                0x080084f4       0xce ./Drivers/STM32L4xx_HAL_Driver/stm32l4xx_hal_uart.o
                0x080084f4                UART_WaitOnFlagUntilTimeout
 .text.UART_EndRxTransfer
                0x080085c2       0xc8 ./Drivers/STM32L4xx_HAL_Driver/stm32l4xx_hal_uart.o
 .text.makeFreeRtosPriority
                0x0800868a       0x30 ./Middlewares/FreeRTOS/cmsis_os.o
 .text.inHandlerMode
                0x080086ba       0x24 ./Middlewares/FreeRTOS/cmsis_os.o
 .text.osKernelStart
                0x080086de        0xe ./Middlewares/FreeRTOS/cmsis_os.o
                0x080086de                osKernelStart
 .text.osThreadCreate
                0x080086ec       0x98 ./Middlewares/FreeRTOS/cmsis_os.o
                0x080086ec                osThreadCreate
 .text.osThreadYield
                0x08008784       0x24 ./Middlewares/FreeRTOS/cmsis_os.o
                0x08008784                osThreadYield
 .text.osDelay  0x080087a8       0x28 ./Middlewares/FreeRTOS/cmsis_os.o
                0x080087a8                osDelay
 .text.osMutexCreate
                0x080087d0       0x30 ./Middlewares/FreeRTOS/cmsis_os.o
                0x080087d0                osMutexCreate
 .text.osMutexWait
                0x08008800       0x9c ./Middlewares/FreeRTOS/cmsis_os.o
                0x08008800                osMutexWait
 .text.osMutexRelease
                0x0800889c       0x6c ./Middlewares/FreeRTOS/cmsis_os.o
                0x0800889c                osMutexRelease
 .text.pvPortMalloc
                0x08008908      0x19c ./Middlewares/FreeRTOS/heap_4.o
                0x08008908                pvPortMalloc
 .text.vPortFree
                0x08008aa4       0xc8 ./Middlewares/FreeRTOS/heap_4.o
                0x08008aa4                vPortFree
 .text.prvHeapInit
                0x08008b6c       0xc4 ./Middlewares/FreeRTOS/heap_4.o
 .text.prvInsertBlockIntoFreeList
                0x08008c30       0xb4 ./Middlewares/FreeRTOS/heap_4.o
 .text.vListInitialise
                0x08008ce4       0x40 ./Middlewares/FreeRTOS/list.o
                0x08008ce4                vListInitialise
 .text.vListInitialiseItem
                0x08008d24       0x1a ./Middlewares/FreeRTOS/list.o
                0x08008d24                vListInitialiseItem
 .text.vListInsertEnd
                0x08008d3e       0x48 ./Middlewares/FreeRTOS/list.o
                0x08008d3e                vListInsertEnd
 .text.vListInsert
                0x08008d86       0x72 ./Middlewares/FreeRTOS/list.o
                0x08008d86                vListInsert
 .text.uxListRemove
                0x08008df8       0x54 ./Middlewares/FreeRTOS/list.o
                0x08008df8                uxListRemove
 .text.pxPortInitialiseStack
                0x08008e4c       0x68 ./Middlewares/FreeRTOS/port.o
                0x08008e4c                pxPortInitialiseStack
 .text.prvTaskExitError
                0x08008eb4       0x5c ./Middlewares/FreeRTOS/port.o
 .text.SVC_Handler
                0x08008f10       0x28 ./Middlewares/FreeRTOS/port.o
                0x08008f10                SVC_Handler
 .text.prvPortStartFirstTask
                0x08008f38       0x28 ./Middlewares/FreeRTOS/port.o
 .text.xPortStartScheduler
                0x08008f60      0x148 ./Middlewares/FreeRTOS/port.o
                0x08008f60                xPortStartScheduler
 .text.vPortEnterCritical
                0x080090a8       0x64 ./Middlewares/FreeRTOS/port.o
                0x080090a8                vPortEnterCritical
 .text.vPortExitCritical
                0x0800910c       0x54 ./Middlewares/FreeRTOS/port.o
                0x0800910c                vPortExitCritical
 .text.PendSV_Handler
                0x08009160       0x68 ./Middlewares/FreeRTOS/port.o
                0x08009160                PendSV_Handler
 .text.SysTick_Handler
                0x080091c8       0x44 ./Middlewares/FreeRTOS/port.o
                0x080091c8                SysTick_Handler
 .text.vPortSetupTimerInterrupt
                0x0800920c       0x48 ./Middlewares/FreeRTOS/port.o
                0x0800920c                vPortSetupTimerInterrupt
 .text.vPortEnableVFP
                0x08009254       0x14 ./Middlewares/FreeRTOS/port.o
 .text.vPortValidateInterruptPriority
                0x08009268       0x84 ./Middlewares/FreeRTOS/port.o
                0x08009268                vPortValidateInterruptPriority
 .text.xQueueGenericReset
                0x080092ec       0xd4 ./Middlewares/FreeRTOS/queue.o
                0x080092ec                xQueueGenericReset
 .text.xQueueGenericCreateStatic
                0x080093c0       0xfa ./Middlewares/FreeRTOS/queue.o
                0x080093c0                xQueueGenericCreateStatic
 .text.xQueueGenericCreate
                0x080094ba       0x76 ./Middlewares/FreeRTOS/queue.o
                0x080094ba                xQueueGenericCreate
 .text.prvInitialiseNewQueue
                0x08009530       0x3e ./Middlewares/FreeRTOS/queue.o
 .text.prvInitialiseMutex
                0x0800956e       0x34 ./Middlewares/FreeRTOS/queue.o
 .text.xQueueCreateMutex
                0x080095a2       0x30 ./Middlewares/FreeRTOS/queue.o
                0x080095a2                xQueueCreateMutex
 .text.xQueueCreateMutexStatic
                0x080095d2       0x36 ./Middlewares/FreeRTOS/queue.o
                0x080095d2                xQueueCreateMutexStatic
 .text.xQueueGenericSend
                0x08009608      0x204 ./Middlewares/FreeRTOS/queue.o
                0x08009608                xQueueGenericSend
 .text.xQueueGiveFromISR
                0x0800980c      0x120 ./Middlewares/FreeRTOS/queue.o
                0x0800980c                xQueueGiveFromISR
 .text.xQueueSemaphoreTake
                0x0800992c      0x220 ./Middlewares/FreeRTOS/queue.o
                0x0800992c                xQueueSemaphoreTake
 .text.xQueueReceiveFromISR
                0x08009b4c      0x104 ./Middlewares/FreeRTOS/queue.o
                0x08009b4c                xQueueReceiveFromISR
 .text.prvGetDisinheritPriorityAfterTimeout
                0x08009c50       0x30 ./Middlewares/FreeRTOS/queue.o
 .text.prvCopyDataToQueue
                0x08009c80       0xd4 ./Middlewares/FreeRTOS/queue.o
 .text.prvCopyDataFromQueue
                0x08009d54       0x4c ./Middlewares/FreeRTOS/queue.o
 .text.prvUnlockQueue
                0x08009da0       0xa4 ./Middlewares/FreeRTOS/queue.o
 .text.prvIsQueueEmpty
                0x08009e44       0x2c ./Middlewares/FreeRTOS/queue.o
 .text.prvIsQueueFull
                0x08009e70       0x30 ./Middlewares/FreeRTOS/queue.o
 .text.xTaskCreateStatic
                0x08009ea0       0xc0 ./Middlewares/FreeRTOS/tasks.o
                0x08009ea0                xTaskCreateStatic
 .text.xTaskCreate
                0x08009f60       0x8a ./Middlewares/FreeRTOS/tasks.o
                0x08009f60                xTaskCreate
 .text.prvInitialiseNewTask
                0x08009fea      0x110 ./Middlewares/FreeRTOS/tasks.o
 *fill*         0x0800a0fa        0x2 
 .text.prvAddNewTaskToReadyList
                0x0800a0fc       0xd4 ./Middlewares/FreeRTOS/tasks.o
 .text.vTaskDelay
                0x0800a1d0       0x6c ./Middlewares/FreeRTOS/tasks.o
                0x0800a1d0                vTaskDelay
 .text.vTaskStartScheduler
                0x0800a23c       0xc4 ./Middlewares/FreeRTOS/tasks.o
                0x0800a23c                vTaskStartScheduler
 .text.vTaskSuspendAll
                0x0800a300       0x1c ./Middlewares/FreeRTOS/tasks.o
                0x0800a300                vTaskSuspendAll
 .text.xTaskResumeAll
                0x0800a31c      0x13c ./Middlewares/FreeRTOS/tasks.o
                0x0800a31c                xTaskResumeAll
 .text.xTaskIncrementTick
                0x0800a458      0x174 ./Middlewares/FreeRTOS/tasks.o
                0x0800a458                xTaskIncrementTick
 .text.vTaskSwitchContext
                0x0800a5cc       0xb8 ./Middlewares/FreeRTOS/tasks.o
                0x0800a5cc                vTaskSwitchContext
 .text.vTaskPlaceOnEventList
                0x0800a684       0x4c ./Middlewares/FreeRTOS/tasks.o
                0x0800a684                vTaskPlaceOnEventList
 .text.xTaskRemoveFromEventList
                0x0800a6d0       0xc8 ./Middlewares/FreeRTOS/tasks.o
                0x0800a6d0                xTaskRemoveFromEventList
 .text.vTaskInternalSetTimeOutState
                0x0800a798       0x2c ./Middlewares/FreeRTOS/tasks.o
                0x0800a798                vTaskInternalSetTimeOutState
 .text.xTaskCheckForTimeOut
                0x0800a7c4       0xc8 ./Middlewares/FreeRTOS/tasks.o
                0x0800a7c4                xTaskCheckForTimeOut
 .text.vTaskMissedYield
                0x0800a88c       0x18 ./Middlewares/FreeRTOS/tasks.o
                0x0800a88c                vTaskMissedYield
 .text.prvIdleTask
                0x0800a8a4       0x30 ./Middlewares/FreeRTOS/tasks.o
 .text.prvInitialiseTaskLists
                0x0800a8d4       0x80 ./Middlewares/FreeRTOS/tasks.o
 .text.prvCheckTasksWaitingTermination
                0x0800a954       0x5c ./Middlewares/FreeRTOS/tasks.o
 .text.prvDeleteTCB
                0x0800a9b0       0x60 ./Middlewares/FreeRTOS/tasks.o
 .text.prvResetNextTaskUnblockTime
                0x0800aa10       0x40 ./Middlewares/FreeRTOS/tasks.o
 .text.xTaskGetSchedulerState
                0x0800aa50       0x3c ./Middlewares/FreeRTOS/tasks.o
                0x0800aa50                xTaskGetSchedulerState
 .text.xTaskPriorityInherit
                0x0800aa8c       0xec ./Middlewares/FreeRTOS/tasks.o
                0x0800aa8c                xTaskPriorityInherit
 .text.xTaskPriorityDisinherit
                0x0800ab78      0x110 ./Middlewares/FreeRTOS/tasks.o
                0x0800ab78                xTaskPriorityDisinherit
 .text.vTaskPriorityDisinheritAfterTimeout
                0x0800ac88      0x120 ./Middlewares/FreeRTOS/tasks.o
                0x0800ac88                vTaskPriorityDisinheritAfterTimeout
 .text.pvTaskIncrementMutexHeldCount
                0x0800ada8       0x28 ./Middlewares/FreeRTOS/tasks.o
                0x0800ada8                pvTaskIncrementMutexHeldCount
 .text.prvAddCurrentTaskToDelayedList
                0x0800add0       0xcc ./Middlewares/FreeRTOS/tasks.o
 .text.minute_part
                0x0800ae9c       0x22 ./Middlewares/lib_gnss/Data Exchange/lib_gnss/LibGNSS/gnss_data.o
                0x0800ae9c                minute_part
 *fill*         0x0800aebe        0x2 
 .text.seconds  0x0800aec0       0x58 ./Middlewares/lib_gnss/Data Exchange/lib_gnss/LibGNSS/gnss_data.o
                0x0800aec0                seconds
 .text.GNSS_DATA_SendCommand
                0x0800af18       0x54 ./Middlewares/lib_gnss/Data Exchange/lib_gnss/LibGNSS/gnss_data.o
                0x0800af18                GNSS_DATA_SendCommand
 *fill*         0x0800af6c        0x4 
 .text.GNSS_DATA_GetValidInfo
                0x0800af70      0x258 ./Middlewares/lib_gnss/Data Exchange/lib_gnss/LibGNSS/gnss_data.o
                0x0800af70                GNSS_DATA_GetValidInfo
 .text.GNSS_DATA_TrackGotPos
                0x0800b1c8      0x2b0 ./Middlewares/lib_gnss/Data Exchange/lib_gnss/LibGNSS/gnss_data.o
                0x0800b1c8                GNSS_DATA_TrackGotPos
 .text.GNSS_DATA_PrintTrackedPositions
                0x0800b478      0x30c ./Middlewares/lib_gnss/Data Exchange/lib_gnss/LibGNSS/gnss_data.o
                0x0800b478                GNSS_DATA_PrintTrackedPositions
 *fill*         0x0800b784        0x4 
 .text.GNSS_DATA_GetGNSInfo
                0x0800b788      0x300 ./Middlewares/lib_gnss/Data Exchange/lib_gnss/LibGNSS/gnss_data.o
                0x0800b788                GNSS_DATA_GetGNSInfo
 .text.GNSS_DATA_GetGPGSTInfo
                0x0800ba88      0x180 ./Middlewares/lib_gnss/Data Exchange/lib_gnss/LibGNSS/gnss_data.o
                0x0800ba88                GNSS_DATA_GetGPGSTInfo
 .text.GNSS_DATA_GetGPRMCInfo
                0x0800bc08      0x354 ./Middlewares/lib_gnss/Data Exchange/lib_gnss/LibGNSS/gnss_data.o
                0x0800bc08                GNSS_DATA_GetGPRMCInfo
 .text.GNSS_DATA_GetGSAInfo
                0x0800bf5c      0x268 ./Middlewares/lib_gnss/Data Exchange/lib_gnss/LibGNSS/gnss_data.o
                0x0800bf5c                GNSS_DATA_GetGSAInfo
 .text.GNSS_DATA_GetGSVInfo
                0x0800c1c4      0x2a4 ./Middlewares/lib_gnss/Data Exchange/lib_gnss/LibGNSS/gnss_data.o
                0x0800c1c4                GNSS_DATA_GetGSVInfo
 .text.GNSS_DATA_GetPSTMVerInfo
                0x0800c468       0x74 ./Middlewares/lib_gnss/Data Exchange/lib_gnss/LibGNSS/gnss_data.o
                0x0800c468                GNSS_DATA_GetPSTMVerInfo
 .text.GNSS_DATA_GetMsglistAck
                0x0800c4dc       0x50 ./Middlewares/lib_gnss/Data Exchange/lib_gnss/LibGNSS/gnss_data.o
                0x0800c4dc                GNSS_DATA_GetMsglistAck
 .text.GNSS_DATA_GetGNSSAck
                0x0800c52c       0x44 ./Middlewares/lib_gnss/Data Exchange/lib_gnss/LibGNSS/gnss_data.o
                0x0800c52c                GNSS_DATA_GetGNSSAck
 .text.GNSS_DATA_CfgMessageList
                0x0800c570       0x38 ./Middlewares/lib_gnss/Data Exchange/lib_gnss/LibGNSS/gnss_data.o
                0x0800c570                GNSS_DATA_CfgMessageList
 .text.GNSS_PARSER_Init
                0x0800c5a8      0x12a ./Middlewares/lib_gnss/Data Exchange/lib_gnss/LibGNSS/gnss_parser.o
                0x0800c5a8                GNSS_PARSER_Init
 .text.GNSS_PARSER_CheckSanity
                0x0800c6d2       0xca ./Middlewares/lib_gnss/Data Exchange/lib_gnss/LibGNSS/gnss_parser.o
                0x0800c6d2                GNSS_PARSER_CheckSanity
 .text.GNSS_PARSER_ParseMsg
                0x0800c79c      0x180 ./Middlewares/lib_gnss/Data Exchange/lib_gnss/LibGNSS/gnss_parser.o
                0x0800c79c                GNSS_PARSER_ParseMsg
 .text.NMEA_CheckGNSMsg
                0x0800c91c       0x84 ./Middlewares/lib_gnss/Data Exchange/lib_gnss/LibNMEA/NMEA_parser.o
 .text.NMEA_CheckGSAMsg
                0x0800c9a0       0x84 ./Middlewares/lib_gnss/Data Exchange/lib_gnss/LibNMEA/NMEA_parser.o
 .text.NMEA_CheckGSVMsg
                0x0800ca24       0x9c ./Middlewares/lib_gnss/Data Exchange/lib_gnss/LibNMEA/NMEA_parser.o
 .text.NMEA_ResetGSVMsg
                0x0800cac0       0x66 ./Middlewares/lib_gnss/Data Exchange/lib_gnss/LibNMEA/NMEA_parser.o
 *fill*         0x0800cb26        0x2 
 .text.NMEA_CheckGeofenceMsg
                0x0800cb28       0xb0 ./Middlewares/lib_gnss/Data Exchange/lib_gnss/LibNMEA/NMEA_parser.o
 .text.NMEA_CheckOdoMsg
                0x0800cbd8       0x9c ./Middlewares/lib_gnss/Data Exchange/lib_gnss/LibNMEA/NMEA_parser.o
 .text.NMEA_CheckDatalogMsg
                0x0800cc74       0xf4 ./Middlewares/lib_gnss/Data Exchange/lib_gnss/LibNMEA/NMEA_parser.o
 .text.NMEA_CheckListMsg
                0x0800cd68       0x44 ./Middlewares/lib_gnss/Data Exchange/lib_gnss/LibNMEA/NMEA_parser.o
 .text.NMEA_CheckSaveparMsg
                0x0800cdac       0x44 ./Middlewares/lib_gnss/Data Exchange/lib_gnss/LibNMEA/NMEA_parser.o
 .text.NMEA_CheckPassMsg
                0x0800cdf0       0x44 ./Middlewares/lib_gnss/Data Exchange/lib_gnss/LibNMEA/NMEA_parser.o
 .text.NMEA_CheckAGPSMsg
                0x0800ce34      0x134 ./Middlewares/lib_gnss/Data Exchange/lib_gnss/LibNMEA/NMEA_parser.o
 .text.scan_utc
                0x0800cf68       0xbc ./Middlewares/lib_gnss/Data Exchange/lib_gnss/LibNMEA/NMEA_parser.o
 .text.nmea_checksum
                0x0800d024       0x2e ./Middlewares/lib_gnss/Data Exchange/lib_gnss/LibNMEA/NMEA_parser.o
 .text.digit2int
                0x0800d052      0x126 ./Middlewares/lib_gnss/Data Exchange/lib_gnss/LibNMEA/NMEA_parser.o
 .text.scan_timestamp_time
                0x0800d178       0x48 ./Middlewares/lib_gnss/Data Exchange/lib_gnss/LibNMEA/NMEA_parser.o
 .text.scan_timestamp_date
                0x0800d1c0       0x48 ./Middlewares/lib_gnss/Data Exchange/lib_gnss/LibNMEA/NMEA_parser.o
 .text.NMEA_ParseGPGGA
                0x0800d208      0x21c ./Middlewares/lib_gnss/Data Exchange/lib_gnss/LibNMEA/NMEA_parser.o
                0x0800d208                NMEA_ParseGPGGA
 .text.NMEA_ParseGNS
                0x0800d424      0x210 ./Middlewares/lib_gnss/Data Exchange/lib_gnss/LibNMEA/NMEA_parser.o
                0x0800d424                NMEA_ParseGNS
 .text.NMEA_ParseGPGST
                0x0800d634      0x1d0 ./Middlewares/lib_gnss/Data Exchange/lib_gnss/LibNMEA/NMEA_parser.o
                0x0800d634                NMEA_ParseGPGST
 .text.NMEA_ParseGPRMC
                0x0800d804      0x208 ./Middlewares/lib_gnss/Data Exchange/lib_gnss/LibNMEA/NMEA_parser.o
                0x0800d804                NMEA_ParseGPRMC
 .text.NMEA_ParseGSA
                0x0800da0c      0x1cc ./Middlewares/lib_gnss/Data Exchange/lib_gnss/LibNMEA/NMEA_parser.o
                0x0800da0c                NMEA_ParseGSA
 .text.NMEA_ParseGSV
                0x0800dbd8      0x278 ./Middlewares/lib_gnss/Data Exchange/lib_gnss/LibNMEA/NMEA_parser.o
                0x0800dbd8                NMEA_ParseGSV
 .text.NMEA_ParsePSTMVER
                0x0800de50      0x11c ./Middlewares/lib_gnss/Data Exchange/lib_gnss/LibNMEA/NMEA_parser.o
                0x0800de50                NMEA_ParsePSTMVER
 .text.NMEA_ParsePSTMGeofence
                0x0800df6c      0x2e8 ./Middlewares/lib_gnss/Data Exchange/lib_gnss/LibNMEA/NMEA_parser.o
                0x0800df6c                NMEA_ParsePSTMGeofence
 .text.NMEA_ParsePSTMOdo
                0x0800e254      0x1c4 ./Middlewares/lib_gnss/Data Exchange/lib_gnss/LibNMEA/NMEA_parser.o
                0x0800e254                NMEA_ParsePSTMOdo
 .text.NMEA_ParsePSTMDatalog
                0x0800e418      0x244 ./Middlewares/lib_gnss/Data Exchange/lib_gnss/LibNMEA/NMEA_parser.o
                0x0800e418                NMEA_ParsePSTMDatalog
 .text.NMEA_ParsePSTMsgl
                0x0800e65c      0x138 ./Middlewares/lib_gnss/Data Exchange/lib_gnss/LibNMEA/NMEA_parser.o
                0x0800e65c                NMEA_ParsePSTMsgl
 .text.NMEA_ParsePSTMSavePar
                0x0800e794      0x138 ./Middlewares/lib_gnss/Data Exchange/lib_gnss/LibNMEA/NMEA_parser.o
                0x0800e794                NMEA_ParsePSTMSavePar
 .text.NMEA_ParsePSTMPASSRTN
                0x0800e8cc      0x160 ./Middlewares/lib_gnss/Data Exchange/lib_gnss/LibNMEA/NMEA_parser.o
                0x0800e8cc                NMEA_ParsePSTMPASSRTN
 .text.NMEA_ParsePSTMAGPS
                0x0800ea2c      0x2b4 ./Middlewares/lib_gnss/Data Exchange/lib_gnss/LibNMEA/NMEA_parser.o
                0x0800ea2c                NMEA_ParsePSTMAGPS
 .text.NMEA_Copy_Data
                0x0800ece0       0xb2 ./Middlewares/lib_gnss/Data Exchange/lib_gnss/LibNMEA/NMEA_parser.o
                0x0800ece0                NMEA_Copy_Data
 .text.char2int
                0x0800ed92       0x5c ./Middlewares/lib_gnss/Data Exchange/lib_gnss/LibNMEA/NMEA_parser.o
                0x0800ed92                char2int
 .text.atoi     0x0800edee        0x8 D:/STM32CubeIDE/STM32CubeIDE_1.18.1/STM32CubeIDE/plugins/com.st.stm32cube.ide.mcu.externaltools.gnu-tools-for-stm32.13.3.rel1.win32_1.0.0.202411081344/tools/bin/../lib/gcc/arm-none-eabi/13.3.1/../../../../arm-none-eabi/lib/thumb/v7e-m+fp/hard\libc_nano.a(libc_a-atoi.o)
                0x0800edee                atoi
 .text.sulp     0x0800edf6       0x3c D:/STM32CubeIDE/STM32CubeIDE_1.18.1/STM32CubeIDE/plugins/com.st.stm32cube.ide.mcu.externaltools.gnu-tools-for-stm32.13.3.rel1.win32_1.0.0.202411081344/tools/bin/../lib/gcc/arm-none-eabi/13.3.1/../../../../arm-none-eabi/lib/thumb/v7e-m+fp/hard\libc_nano.a(libc_a-strtod.o)
 *fill*         0x0800ee32        0x6 
 .text._strtod_l
                0x0800ee38      0xbc8 D:/STM32CubeIDE/STM32CubeIDE_1.18.1/STM32CubeIDE/plugins/com.st.stm32cube.ide.mcu.externaltools.gnu-tools-for-stm32.13.3.rel1.win32_1.0.0.202411081344/tools/bin/../lib/gcc/arm-none-eabi/13.3.1/../../../../arm-none-eabi/lib/thumb/v7e-m+fp/hard\libc_nano.a(libc_a-strtod.o)
                0x0800ee38                _strtod_l
 .text.strtod   0x0800fa00       0x18 D:/STM32CubeIDE/STM32CubeIDE_1.18.1/STM32CubeIDE/plugins/com.st.stm32cube.ide.mcu.externaltools.gnu-tools-for-stm32.13.3.rel1.win32_1.0.0.202411081344/tools/bin/../lib/gcc/arm-none-eabi/13.3.1/../../../../arm-none-eabi/lib/thumb/v7e-m+fp/hard\libc_nano.a(libc_a-strtod.o)
                0x0800fa00                strtod
 .text.strtof   0x0800fa18       0xc8 D:/STM32CubeIDE/STM32CubeIDE_1.18.1/STM32CubeIDE/plugins/com.st.stm32cube.ide.mcu.externaltools.gnu-tools-for-stm32.13.3.rel1.win32_1.0.0.202411081344/tools/bin/../lib/gcc/arm-none-eabi/13.3.1/../../../../arm-none-eabi/lib/thumb/v7e-m+fp/hard\libc_nano.a(libc_a-strtod.o)
                0x0800fa18                strtof
 .text._strtol_l.isra.0
                0x0800fae0       0xf4 D:/STM32CubeIDE/STM32CubeIDE_1.18.1/STM32CubeIDE/plugins/com.st.stm32cube.ide.mcu.externaltools.gnu-tools-for-stm32.13.3.rel1.win32_1.0.0.202411081344/tools/bin/../lib/gcc/arm-none-eabi/13.3.1/../../../../arm-none-eabi/lib/thumb/v7e-m+fp/hard\libc_nano.a(libc_a-strtol.o)
 .text.strtol   0x0800fbd4       0x14 D:/STM32CubeIDE/STM32CubeIDE_1.18.1/STM32CubeIDE/plugins/com.st.stm32cube.ide.mcu.externaltools.gnu-tools-for-stm32.13.3.rel1.win32_1.0.0.202411081344/tools/bin/../lib/gcc/arm-none-eabi/13.3.1/../../../../arm-none-eabi/lib/thumb/v7e-m+fp/hard\libc_nano.a(libc_a-strtol.o)
                0x0800fbd4                strtol
 .text._strtoul_l.isra.0
                0x0800fbe8       0xdc D:/STM32CubeIDE/STM32CubeIDE_1.18.1/STM32CubeIDE/plugins/com.st.stm32cube.ide.mcu.externaltools.gnu-tools-for-stm32.13.3.rel1.win32_1.0.0.202411081344/tools/bin/../lib/gcc/arm-none-eabi/13.3.1/../../../../arm-none-eabi/lib/thumb/v7e-m+fp/hard\libc_nano.a(libc_a-strtoul.o)
 .text.strtoul  0x0800fcc4       0x14 D:/STM32CubeIDE/STM32CubeIDE_1.18.1/STM32CubeIDE/plugins/com.st.stm32cube.ide.mcu.externaltools.gnu-tools-for-stm32.13.3.rel1.win32_1.0.0.202411081344/tools/bin/../lib/gcc/arm-none-eabi/13.3.1/../../../../arm-none-eabi/lib/thumb/v7e-m+fp/hard\libc_nano.a(libc_a-strtoul.o)
                0x0800fcc4                strtoul
 .text.__cvt    0x0800fcd8       0xca D:/STM32CubeIDE/STM32CubeIDE_1.18.1/STM32CubeIDE/plugins/com.st.stm32cube.ide.mcu.externaltools.gnu-tools-for-stm32.13.3.rel1.win32_1.0.0.202411081344/tools/bin/../lib/gcc/arm-none-eabi/13.3.1/../../../../arm-none-eabi/lib/thumb/v7e-m+fp/hard\libc_nano.a(libc_a-nano-vfprintf_float.o)
                0x0800fcd8                __cvt
 .text.__exponent
                0x0800fda2       0x74 D:/STM32CubeIDE/STM32CubeIDE_1.18.1/STM32CubeIDE/plugins/com.st.stm32cube.ide.mcu.externaltools.gnu-tools-for-stm32.13.3.rel1.win32_1.0.0.202411081344/tools/bin/../lib/gcc/arm-none-eabi/13.3.1/../../../../arm-none-eabi/lib/thumb/v7e-m+fp/hard\libc_nano.a(libc_a-nano-vfprintf_float.o)
                0x0800fda2                __exponent
 *fill*         0x0800fe16        0x2 
 .text._printf_float
                0x0800fe18      0x454 D:/STM32CubeIDE/STM32CubeIDE_1.18.1/STM32CubeIDE/plugins/com.st.stm32cube.ide.mcu.externaltools.gnu-tools-for-stm32.13.3.rel1.win32_1.0.0.202411081344/tools/bin/../lib/gcc/arm-none-eabi/13.3.1/../../../../arm-none-eabi/lib/thumb/v7e-m+fp/hard\libc_nano.a(libc_a-nano-vfprintf_float.o)
                0x0800fe18                _printf_float
 .text._printf_common
                0x0801026c       0xda D:/STM32CubeIDE/STM32CubeIDE_1.18.1/STM32CubeIDE/plugins/com.st.stm32cube.ide.mcu.externaltools.gnu-tools-for-stm32.13.3.rel1.win32_1.0.0.202411081344/tools/bin/../lib/gcc/arm-none-eabi/13.3.1/../../../../arm-none-eabi/lib/thumb/v7e-m+fp/hard\libc_nano.a(libc_a-nano-vfprintf_i.o)
                0x0801026c                _printf_common
 *fill*         0x08010346        0x2 
 .text._printf_i
                0x08010348      0x23c D:/STM32CubeIDE/STM32CubeIDE_1.18.1/STM32CubeIDE/plugins/com.st.stm32cube.ide.mcu.externaltools.gnu-tools-for-stm32.13.3.rel1.win32_1.0.0.202411081344/tools/bin/../lib/gcc/arm-none-eabi/13.3.1/../../../../arm-none-eabi/lib/thumb/v7e-m+fp/hard\libc_nano.a(libc_a-nano-vfprintf_i.o)
                0x08010348                _printf_i
 .text.__sflush_r
                0x08010584      0x108 D:/STM32CubeIDE/STM32CubeIDE_1.18.1/STM32CubeIDE/plugins/com.st.stm32cube.ide.mcu.externaltools.gnu-tools-for-stm32.13.3.rel1.win32_1.0.0.202411081344/tools/bin/../lib/gcc/arm-none-eabi/13.3.1/../../../../arm-none-eabi/lib/thumb/v7e-m+fp/hard\libc_nano.a(libc_a-fflush.o)
                0x08010584                __sflush_r
 .text._fflush_r
                0x0801068c       0x50 D:/STM32CubeIDE/STM32CubeIDE_1.18.1/STM32CubeIDE/plugins/com.st.stm32cube.ide.mcu.externaltools.gnu-tools-for-stm32.13.3.rel1.win32_1.0.0.202411081344/tools/bin/../lib/gcc/arm-none-eabi/13.3.1/../../../../arm-none-eabi/lib/thumb/v7e-m+fp/hard\libc_nano.a(libc_a-fflush.o)
                0x0801068c                _fflush_r
 .text.fflush   0x080106dc       0x28 D:/STM32CubeIDE/STM32CubeIDE_1.18.1/STM32CubeIDE/plugins/com.st.stm32cube.ide.mcu.externaltools.gnu-tools-for-stm32.13.3.rel1.win32_1.0.0.202411081344/tools/bin/../lib/gcc/arm-none-eabi/13.3.1/../../../../arm-none-eabi/lib/thumb/v7e-m+fp/hard\libc_nano.a(libc_a-fflush.o)
                0x080106dc                fflush
 .text.std      0x08010704       0x6c D:/STM32CubeIDE/STM32CubeIDE_1.18.1/STM32CubeIDE/plugins/com.st.stm32cube.ide.mcu.externaltools.gnu-tools-for-stm32.13.3.rel1.win32_1.0.0.202411081344/tools/bin/../lib/gcc/arm-none-eabi/13.3.1/../../../../arm-none-eabi/lib/thumb/v7e-m+fp/hard\libc_nano.a(libc_a-findfp.o)
 .text.stdio_exit_handler
                0x08010770       0x18 D:/STM32CubeIDE/STM32CubeIDE_1.18.1/STM32CubeIDE/plugins/com.st.stm32cube.ide.mcu.externaltools.gnu-tools-for-stm32.13.3.rel1.win32_1.0.0.202411081344/tools/bin/../lib/gcc/arm-none-eabi/13.3.1/../../../../arm-none-eabi/lib/thumb/v7e-m+fp/hard\libc_nano.a(libc_a-findfp.o)
 .text.cleanup_stdio
                0x08010788       0x40 D:/STM32CubeIDE/STM32CubeIDE_1.18.1/STM32CubeIDE/plugins/com.st.stm32cube.ide.mcu.externaltools.gnu-tools-for-stm32.13.3.rel1.win32_1.0.0.202411081344/tools/bin/../lib/gcc/arm-none-eabi/13.3.1/../../../../arm-none-eabi/lib/thumb/v7e-m+fp/hard\libc_nano.a(libc_a-findfp.o)
 .text.global_stdio_init.part.0
                0x080107c8       0x3c D:/STM32CubeIDE/STM32CubeIDE_1.18.1/STM32CubeIDE/plugins/com.st.stm32cube.ide.mcu.externaltools.gnu-tools-for-stm32.13.3.rel1.win32_1.0.0.202411081344/tools/bin/../lib/gcc/arm-none-eabi/13.3.1/../../../../arm-none-eabi/lib/thumb/v7e-m+fp/hard\libc_nano.a(libc_a-findfp.o)
 .text.__sfp_lock_acquire
                0x08010804        0xc D:/STM32CubeIDE/STM32CubeIDE_1.18.1/STM32CubeIDE/plugins/com.st.stm32cube.ide.mcu.externaltools.gnu-tools-for-stm32.13.3.rel1.win32_1.0.0.202411081344/tools/bin/../lib/gcc/arm-none-eabi/13.3.1/../../../../arm-none-eabi/lib/thumb/v7e-m+fp/hard\libc_nano.a(libc_a-findfp.o)
                0x08010804                __sfp_lock_acquire
 .text.__sfp_lock_release
                0x08010810        0xc D:/STM32CubeIDE/STM32CubeIDE_1.18.1/STM32CubeIDE/plugins/com.st.stm32cube.ide.mcu.externaltools.gnu-tools-for-stm32.13.3.rel1.win32_1.0.0.202411081344/tools/bin/../lib/gcc/arm-none-eabi/13.3.1/../../../../arm-none-eabi/lib/thumb/v7e-m+fp/hard\libc_nano.a(libc_a-findfp.o)
                0x08010810                __sfp_lock_release
 .text.__sinit  0x0801081c       0x30 D:/STM32CubeIDE/STM32CubeIDE_1.18.1/STM32CubeIDE/plugins/com.st.stm32cube.ide.mcu.externaltools.gnu-tools-for-stm32.13.3.rel1.win32_1.0.0.202411081344/tools/bin/../lib/gcc/arm-none-eabi/13.3.1/../../../../arm-none-eabi/lib/thumb/v7e-m+fp/hard\libc_nano.a(libc_a-findfp.o)
                0x0801081c                __sinit
 .text._fwalk_sglue
                0x0801084c       0x3c D:/STM32CubeIDE/STM32CubeIDE_1.18.1/STM32CubeIDE/plugins/com.st.stm32cube.ide.mcu.externaltools.gnu-tools-for-stm32.13.3.rel1.win32_1.0.0.202411081344/tools/bin/../lib/gcc/arm-none-eabi/13.3.1/../../../../arm-none-eabi/lib/thumb/v7e-m+fp/hard\libc_nano.a(libc_a-fwalk.o)
                0x0801084c                _fwalk_sglue
 .text.snprintf
                0x08010888       0x6c D:/STM32CubeIDE/STM32CubeIDE_1.18.1/STM32CubeIDE/plugins/com.st.stm32cube.ide.mcu.externaltools.gnu-tools-for-stm32.13.3.rel1.win32_1.0.0.202411081344/tools/bin/../lib/gcc/arm-none-eabi/13.3.1/../../../../arm-none-eabi/lib/thumb/v7e-m+fp/hard\libc_nano.a(libc_a-snprintf.o)
                0x08010888                sniprintf
                0x08010888                snprintf
 .text.sprintf  0x080108f4       0x44 D:/STM32CubeIDE/STM32CubeIDE_1.18.1/STM32CubeIDE/plugins/com.st.stm32cube.ide.mcu.externaltools.gnu-tools-for-stm32.13.3.rel1.win32_1.0.0.202411081344/tools/bin/../lib/gcc/arm-none-eabi/13.3.1/../../../../arm-none-eabi/lib/thumb/v7e-m+fp/hard\libc_nano.a(libc_a-sprintf.o)
                0x080108f4                siprintf
                0x080108f4                sprintf
 .text.__sread  0x08010938       0x22 D:/STM32CubeIDE/STM32CubeIDE_1.18.1/STM32CubeIDE/plugins/com.st.stm32cube.ide.mcu.externaltools.gnu-tools-for-stm32.13.3.rel1.win32_1.0.0.202411081344/tools/bin/../lib/gcc/arm-none-eabi/13.3.1/../../../../arm-none-eabi/lib/thumb/v7e-m+fp/hard\libc_nano.a(libc_a-stdio.o)
                0x08010938                __sread
 .text.__swrite
                0x0801095a       0x38 D:/STM32CubeIDE/STM32CubeIDE_1.18.1/STM32CubeIDE/plugins/com.st.stm32cube.ide.mcu.externaltools.gnu-tools-for-stm32.13.3.rel1.win32_1.0.0.202411081344/tools/bin/../lib/gcc/arm-none-eabi/13.3.1/../../../../arm-none-eabi/lib/thumb/v7e-m+fp/hard\libc_nano.a(libc_a-stdio.o)
                0x0801095a                __swrite
 .text.__sseek  0x08010992       0x24 D:/STM32CubeIDE/STM32CubeIDE_1.18.1/STM32CubeIDE/plugins/com.st.stm32cube.ide.mcu.externaltools.gnu-tools-for-stm32.13.3.rel1.win32_1.0.0.202411081344/tools/bin/../lib/gcc/arm-none-eabi/13.3.1/../../../../arm-none-eabi/lib/thumb/v7e-m+fp/hard\libc_nano.a(libc_a-stdio.o)
                0x08010992                __sseek
 .text.__sclose
                0x080109b6        0x8 D:/STM32CubeIDE/STM32CubeIDE_1.18.1/STM32CubeIDE/plugins/com.st.stm32cube.ide.mcu.externaltools.gnu-tools-for-stm32.13.3.rel1.win32_1.0.0.202411081344/tools/bin/../lib/gcc/arm-none-eabi/13.3.1/../../../../arm-none-eabi/lib/thumb/v7e-m+fp/hard\libc_nano.a(libc_a-stdio.o)
                0x080109b6                __sclose
 .text.memset   0x080109be       0x10 D:/STM32CubeIDE/STM32CubeIDE_1.18.1/STM32CubeIDE/plugins/com.st.stm32cube.ide.mcu.externaltools.gnu-tools-for-stm32.13.3.rel1.win32_1.0.0.202411081344/tools/bin/../lib/gcc/arm-none-eabi/13.3.1/../../../../arm-none-eabi/lib/thumb/v7e-m+fp/hard\libc_nano.a(libc_a-memset.o)
                0x080109be                memset
 .text.strncmp  0x080109ce       0x24 D:/STM32CubeIDE/STM32CubeIDE_1.18.1/STM32CubeIDE/plugins/com.st.stm32cube.ide.mcu.externaltools.gnu-tools-for-stm32.13.3.rel1.win32_1.0.0.202411081344/tools/bin/../lib/gcc/arm-none-eabi/13.3.1/../../../../arm-none-eabi/lib/thumb/v7e-m+fp/hard\libc_nano.a(libc_a-strncmp.o)
                0x080109ce                strncmp
 .text.strncpy  0x080109f2       0x26 D:/STM32CubeIDE/STM32CubeIDE_1.18.1/STM32CubeIDE/plugins/com.st.stm32cube.ide.mcu.externaltools.gnu-tools-for-stm32.13.3.rel1.win32_1.0.0.202411081344/tools/bin/../lib/gcc/arm-none-eabi/13.3.1/../../../../arm-none-eabi/lib/thumb/v7e-m+fp/hard\libc_nano.a(libc_a-strncpy.o)
                0x080109f2                strncpy
 .text._localeconv_r
                0x08010a18        0x8 D:/STM32CubeIDE/STM32CubeIDE_1.18.1/STM32CubeIDE/plugins/com.st.stm32cube.ide.mcu.externaltools.gnu-tools-for-stm32.13.3.rel1.win32_1.0.0.202411081344/tools/bin/../lib/gcc/arm-none-eabi/13.3.1/../../../../arm-none-eabi/lib/thumb/v7e-m+fp/hard\libc_nano.a(libc_a-localeconv.o)
                0x08010a18                _localeconv_r
 .text._close_r
                0x08010a20       0x20 D:/STM32CubeIDE/STM32CubeIDE_1.18.1/STM32CubeIDE/plugins/com.st.stm32cube.ide.mcu.externaltools.gnu-tools-for-stm32.13.3.rel1.win32_1.0.0.202411081344/tools/bin/../lib/gcc/arm-none-eabi/13.3.1/../../../../arm-none-eabi/lib/thumb/v7e-m+fp/hard\libc_nano.a(libc_a-closer.o)
                0x08010a20                _close_r
 .text._lseek_r
                0x08010a40       0x24 D:/STM32CubeIDE/STM32CubeIDE_1.18.1/STM32CubeIDE/plugins/com.st.stm32cube.ide.mcu.externaltools.gnu-tools-for-stm32.13.3.rel1.win32_1.0.0.202411081344/tools/bin/../lib/gcc/arm-none-eabi/13.3.1/../../../../arm-none-eabi/lib/thumb/v7e-m+fp/hard\libc_nano.a(libc_a-lseekr.o)
                0x08010a40                _lseek_r
 .text._read_r  0x08010a64       0x24 D:/STM32CubeIDE/STM32CubeIDE_1.18.1/STM32CubeIDE/plugins/com.st.stm32cube.ide.mcu.externaltools.gnu-tools-for-stm32.13.3.rel1.win32_1.0.0.202411081344/tools/bin/../lib/gcc/arm-none-eabi/13.3.1/../../../../arm-none-eabi/lib/thumb/v7e-m+fp/hard\libc_nano.a(libc_a-readr.o)
                0x08010a64                _read_r
 .text._write_r
                0x08010a88       0x24 D:/STM32CubeIDE/STM32CubeIDE_1.18.1/STM32CubeIDE/plugins/com.st.stm32cube.ide.mcu.externaltools.gnu-tools-for-stm32.13.3.rel1.win32_1.0.0.202411081344/tools/bin/../lib/gcc/arm-none-eabi/13.3.1/../../../../arm-none-eabi/lib/thumb/v7e-m+fp/hard\libc_nano.a(libc_a-writer.o)
                0x08010a88                _write_r
 .text.__errno  0x08010aac        0xc D:/STM32CubeIDE/STM32CubeIDE_1.18.1/STM32CubeIDE/plugins/com.st.stm32cube.ide.mcu.externaltools.gnu-tools-for-stm32.13.3.rel1.win32_1.0.0.202411081344/tools/bin/../lib/gcc/arm-none-eabi/13.3.1/../../../../arm-none-eabi/lib/thumb/v7e-m+fp/hard\libc_nano.a(libc_a-errno.o)
                0x08010aac                __errno
 .text.__libc_init_array
                0x08010ab8       0x48 D:/STM32CubeIDE/STM32CubeIDE_1.18.1/STM32CubeIDE/plugins/com.st.stm32cube.ide.mcu.externaltools.gnu-tools-for-stm32.13.3.rel1.win32_1.0.0.202411081344/tools/bin/../lib/gcc/arm-none-eabi/13.3.1/../../../../arm-none-eabi/lib/thumb/v7e-m+fp/hard\libc_nano.a(libc_a-init.o)
                0x08010ab8                __libc_init_array
 .text.__retarget_lock_init_recursive
                0x08010b00        0x2 D:/STM32CubeIDE/STM32CubeIDE_1.18.1/STM32CubeIDE/plugins/com.st.stm32cube.ide.mcu.externaltools.gnu-tools-for-stm32.13.3.rel1.win32_1.0.0.202411081344/tools/bin/../lib/gcc/arm-none-eabi/13.3.1/../../../../arm-none-eabi/lib/thumb/v7e-m+fp/hard\libc_nano.a(libc_a-lock.o)
                0x08010b00                __retarget_lock_init_recursive
 .text.__retarget_lock_acquire_recursive
                0x08010b02        0x2 D:/STM32CubeIDE/STM32CubeIDE_1.18.1/STM32CubeIDE/plugins/com.st.stm32cube.ide.mcu.externaltools.gnu-tools-for-stm32.13.3.rel1.win32_1.0.0.202411081344/tools/bin/../lib/gcc/arm-none-eabi/13.3.1/../../../../arm-none-eabi/lib/thumb/v7e-m+fp/hard\libc_nano.a(libc_a-lock.o)
                0x08010b02                __retarget_lock_acquire_recursive
 .text.__retarget_lock_release_recursive
                0x08010b04        0x2 D:/STM32CubeIDE/STM32CubeIDE_1.18.1/STM32CubeIDE/plugins/com.st.stm32cube.ide.mcu.externaltools.gnu-tools-for-stm32.13.3.rel1.win32_1.0.0.202411081344/tools/bin/../lib/gcc/arm-none-eabi/13.3.1/../../../../arm-none-eabi/lib/thumb/v7e-m+fp/hard\libc_nano.a(libc_a-lock.o)
                0x08010b04                __retarget_lock_release_recursive
 .text.memcpy   0x08010b06       0x1c D:/STM32CubeIDE/STM32CubeIDE_1.18.1/STM32CubeIDE/plugins/com.st.stm32cube.ide.mcu.externaltools.gnu-tools-for-stm32.13.3.rel1.win32_1.0.0.202411081344/tools/bin/../lib/gcc/arm-none-eabi/13.3.1/../../../../arm-none-eabi/lib/thumb/v7e-m+fp/hard\libc_nano.a(libc_a-memcpy-stub.o)
                0x08010b06                memcpy
 *fill*         0x08010b22        0x6 
 .text.nan      0x08010b28       0x10 D:/STM32CubeIDE/STM32CubeIDE_1.18.1/STM32CubeIDE/plugins/com.st.stm32cube.ide.mcu.externaltools.gnu-tools-for-stm32.13.3.rel1.win32_1.0.0.202411081344/tools/bin/../lib/gcc/arm-none-eabi/13.3.1/../../../../arm-none-eabi/lib/thumb/v7e-m+fp/hard\libc_nano.a(libm_a-s_nan.o)
                0x08010b28                nan
 .text.nanf     0x08010b38        0xc D:/STM32CubeIDE/STM32CubeIDE_1.18.1/STM32CubeIDE/plugins/com.st.stm32cube.ide.mcu.externaltools.gnu-tools-for-stm32.13.3.rel1.win32_1.0.0.202411081344/tools/bin/../lib/gcc/arm-none-eabi/13.3.1/../../../../arm-none-eabi/lib/thumb/v7e-m+fp/hard\libc_nano.a(libm_a-sf_nan.o)
                0x08010b38                nanf
 .text.quorem   0x08010b44      0x110 D:/STM32CubeIDE/STM32CubeIDE_1.18.1/STM32CubeIDE/plugins/com.st.stm32cube.ide.mcu.externaltools.gnu-tools-for-stm32.13.3.rel1.win32_1.0.0.202411081344/tools/bin/../lib/gcc/arm-none-eabi/13.3.1/../../../../arm-none-eabi/lib/thumb/v7e-m+fp/hard\libc_nano.a(libc_a-dtoa.o)
 *fill*         0x08010c54        0x4 
 .text._dtoa_r  0x08010c58      0xba0 D:/STM32CubeIDE/STM32CubeIDE_1.18.1/STM32CubeIDE/plugins/com.st.stm32cube.ide.mcu.externaltools.gnu-tools-for-stm32.13.3.rel1.win32_1.0.0.202411081344/tools/bin/../lib/gcc/arm-none-eabi/13.3.1/../../../../arm-none-eabi/lib/thumb/v7e-m+fp/hard\libc_nano.a(libc_a-dtoa.o)
                0x08010c58                _dtoa_r
 .text._free_r  0x080117f8       0x94 D:/STM32CubeIDE/STM32CubeIDE_1.18.1/STM32CubeIDE/plugins/com.st.stm32cube.ide.mcu.externaltools.gnu-tools-for-stm32.13.3.rel1.win32_1.0.0.202411081344/tools/bin/../lib/gcc/arm-none-eabi/13.3.1/../../../../arm-none-eabi/lib/thumb/v7e-m+fp/hard\libc_nano.a(libc_a-freer.o)
                0x080117f8                _free_r
 .text.rshift   0x0801188c       0xa4 D:/STM32CubeIDE/STM32CubeIDE_1.18.1/STM32CubeIDE/plugins/com.st.stm32cube.ide.mcu.externaltools.gnu-tools-for-stm32.13.3.rel1.win32_1.0.0.202411081344/tools/bin/../lib/gcc/arm-none-eabi/13.3.1/../../../../arm-none-eabi/lib/thumb/v7e-m+fp/hard\libc_nano.a(libc_a-gdtoa-gethex.o)
 .text.__hexdig_fun
                0x08011930       0x2a D:/STM32CubeIDE/STM32CubeIDE_1.18.1/STM32CubeIDE/plugins/com.st.stm32cube.ide.mcu.externaltools.gnu-tools-for-stm32.13.3.rel1.win32_1.0.0.202411081344/tools/bin/../lib/gcc/arm-none-eabi/13.3.1/../../../../arm-none-eabi/lib/thumb/v7e-m+fp/hard\libc_nano.a(libc_a-gdtoa-gethex.o)
                0x08011930                __hexdig_fun
 *fill*         0x0801195a        0x2 
 .text.__gethex
                0x0801195c      0x420 D:/STM32CubeIDE/STM32CubeIDE_1.18.1/STM32CubeIDE/plugins/com.st.stm32cube.ide.mcu.externaltools.gnu-tools-for-stm32.13.3.rel1.win32_1.0.0.202411081344/tools/bin/../lib/gcc/arm-none-eabi/13.3.1/../../../../arm-none-eabi/lib/thumb/v7e-m+fp/hard\libc_nano.a(libc_a-gdtoa-gethex.o)
                0x0801195c                __gethex
 .text.L_shift  0x08011d7c       0x24 D:/STM32CubeIDE/STM32CubeIDE_1.18.1/STM32CubeIDE/plugins/com.st.stm32cube.ide.mcu.externaltools.gnu-tools-for-stm32.13.3.rel1.win32_1.0.0.202411081344/tools/bin/../lib/gcc/arm-none-eabi/13.3.1/../../../../arm-none-eabi/lib/thumb/v7e-m+fp/hard\libc_nano.a(libc_a-gdtoa-hexnan.o)
 .text.__match  0x08011da0       0x28 D:/STM32CubeIDE/STM32CubeIDE_1.18.1/STM32CubeIDE/plugins/com.st.stm32cube.ide.mcu.externaltools.gnu-tools-for-stm32.13.3.rel1.win32_1.0.0.202411081344/tools/bin/../lib/gcc/arm-none-eabi/13.3.1/../../../../arm-none-eabi/lib/thumb/v7e-m+fp/hard\libc_nano.a(libc_a-gdtoa-hexnan.o)
                0x08011da0                __match
 .text.__hexnan
                0x08011dc8      0x136 D:/STM32CubeIDE/STM32CubeIDE_1.18.1/STM32CubeIDE/plugins/com.st.stm32cube.ide.mcu.externaltools.gnu-tools-for-stm32.13.3.rel1.win32_1.0.0.202411081344/tools/bin/../lib/gcc/arm-none-eabi/13.3.1/../../../../arm-none-eabi/lib/thumb/v7e-m+fp/hard\libc_nano.a(libc_a-gdtoa-hexnan.o)
                0x08011dc8                __hexnan
 *fill*         0x08011efe        0x2 
 .text.malloc   0x08011f00       0x10 D:/STM32CubeIDE/STM32CubeIDE_1.18.1/STM32CubeIDE/plugins/com.st.stm32cube.ide.mcu.externaltools.gnu-tools-for-stm32.13.3.rel1.win32_1.0.0.202411081344/tools/bin/../lib/gcc/arm-none-eabi/13.3.1/../../../../arm-none-eabi/lib/thumb/v7e-m+fp/hard\libc_nano.a(libc_a-malloc.o)
                0x08011f00                malloc
 .text.sbrk_aligned
                0x08011f10       0x44 D:/STM32CubeIDE/STM32CubeIDE_1.18.1/STM32CubeIDE/plugins/com.st.stm32cube.ide.mcu.externaltools.gnu-tools-for-stm32.13.3.rel1.win32_1.0.0.202411081344/tools/bin/../lib/gcc/arm-none-eabi/13.3.1/../../../../arm-none-eabi/lib/thumb/v7e-m+fp/hard\libc_nano.a(libc_a-mallocr.o)
 .text._malloc_r
                0x08011f54      0x100 D:/STM32CubeIDE/STM32CubeIDE_1.18.1/STM32CubeIDE/plugins/com.st.stm32cube.ide.mcu.externaltools.gnu-tools-for-stm32.13.3.rel1.win32_1.0.0.202411081344/tools/bin/../lib/gcc/arm-none-eabi/13.3.1/../../../../arm-none-eabi/lib/thumb/v7e-m+fp/hard\libc_nano.a(libc_a-mallocr.o)
                0x08011f54                _malloc_r
 .text.__ascii_mbtowc
                0x08012054       0x24 D:/STM32CubeIDE/STM32CubeIDE_1.18.1/STM32CubeIDE/plugins/com.st.stm32cube.ide.mcu.externaltools.gnu-tools-for-stm32.13.3.rel1.win32_1.0.0.202411081344/tools/bin/../lib/gcc/arm-none-eabi/13.3.1/../../../../arm-none-eabi/lib/thumb/v7e-m+fp/hard\libc_nano.a(libc_a-mbtowc_r.o)
                0x08012054                __ascii_mbtowc
 .text.__malloc_lock
                0x08012078        0xc D:/STM32CubeIDE/STM32CubeIDE_1.18.1/STM32CubeIDE/plugins/com.st.stm32cube.ide.mcu.externaltools.gnu-tools-for-stm32.13.3.rel1.win32_1.0.0.202411081344/tools/bin/../lib/gcc/arm-none-eabi/13.3.1/../../../../arm-none-eabi/lib/thumb/v7e-m+fp/hard\libc_nano.a(libc_a-mlock.o)
                0x08012078                __malloc_lock
 .text.__malloc_unlock
                0x08012084        0xc D:/STM32CubeIDE/STM32CubeIDE_1.18.1/STM32CubeIDE/plugins/com.st.stm32cube.ide.mcu.externaltools.gnu-tools-for-stm32.13.3.rel1.win32_1.0.0.202411081344/tools/bin/../lib/gcc/arm-none-eabi/13.3.1/../../../../arm-none-eabi/lib/thumb/v7e-m+fp/hard\libc_nano.a(libc_a-mlock.o)
                0x08012084                __malloc_unlock
 .text._Balloc  0x08012090       0x80 D:/STM32CubeIDE/STM32CubeIDE_1.18.1/STM32CubeIDE/plugins/com.st.stm32cube.ide.mcu.externaltools.gnu-tools-for-stm32.13.3.rel1.win32_1.0.0.202411081344/tools/bin/../lib/gcc/arm-none-eabi/13.3.1/../../../../arm-none-eabi/lib/thumb/v7e-m+fp/hard\libc_nano.a(libc_a-mprec.o)
                0x08012090                _Balloc
 .text._Bfree   0x08012110       0x44 D:/STM32CubeIDE/STM32CubeIDE_1.18.1/STM32CubeIDE/plugins/com.st.stm32cube.ide.mcu.externaltools.gnu-tools-for-stm32.13.3.rel1.win32_1.0.0.202411081344/tools/bin/../lib/gcc/arm-none-eabi/13.3.1/../../../../arm-none-eabi/lib/thumb/v7e-m+fp/hard\libc_nano.a(libc_a-mprec.o)