D:/STM32CubeIDE/x-cube-gnss1/Drivers/BSP/GNSS1A1/gnss1a1_gnss.c:62:17:BSP_GetTick	4	static
D:/STM32CubeIDE/x-cube-gnss1/Drivers/BSP/GNSS1A1/gnss1a1_gnss.c:74:16:BSP_I2C1_Send_IT	16	static
D:/STM32CubeIDE/x-cube-gnss1/Drivers/BSP/GNSS1A1/gnss1a1_gnss.c:81:16:BSP_I2C1_Recv_IT	16	static
D:/STM32CubeIDE/x-cube-gnss1/Drivers/BSP/GNSS1A1/gnss1a1_gnss.c:115:9:GNSS1A1_GNSS_Init	24	static
D:/STM32CubeIDE/x-cube-gnss1/Drivers/BSP/GNSS1A1/gnss1a1_gnss.c:138:9:GNSS1A1_GNSS_DeInit	24	static
D:/STM32CubeIDE/x-cube-gnss1/Drivers/BSP/GNSS1A1/gnss1a1_gnss.c:158:27:GNSS1A1_GNSS_GetMessage	24	static
D:/STM32CubeIDE/x-cube-gnss1/Drivers/BSP/GNSS1A1/gnss1a1_gnss.c:174:9:GNSS1A1_GNSS_ReleaseMessage	24	static
D:/STM32CubeIDE/x-cube-gnss1/Drivers/BSP/GNSS1A1/gnss1a1_gnss.c:197:9:GNSS1A1_GNSS_Send	24	static
D:/STM32CubeIDE/x-cube-gnss1/Drivers/BSP/GNSS1A1/gnss1a1_gnss.c:220:9:GNSS1A1_GNSS_Wakeup_Status	24	static
D:/STM32CubeIDE/x-cube-gnss1/Drivers/BSP/GNSS1A1/gnss1a1_gnss.c:236:9:GNSS1A1_GNSS_Reset	24	static
D:/STM32CubeIDE/x-cube-gnss1/Drivers/BSP/GNSS1A1/gnss1a1_gnss.c:266:6:GNSS1A1_GNSS_BackgroundProcess	16	static
D:/STM32CubeIDE/x-cube-gnss1/Drivers/BSP/GNSS1A1/gnss1a1_gnss.c:293:16:TESEO_LIV3F_Probe	48	static
D:/STM32CubeIDE/x-cube-gnss1/Drivers/BSP/GNSS1A1/gnss1a1_gnss.c:345:13:GNSS1A1_GNSS_Rst	8	static
D:/STM32CubeIDE/x-cube-gnss1/Drivers/BSP/GNSS1A1/gnss1a1_gnss.c:353:13:GNSS1A1_GNSS_RegisterCallbacks	8	static
D:/STM32CubeIDE/x-cube-gnss1/Drivers/BSP/GNSS1A1/gnss1a1_gnss.c:378:6:GNSS1A1_GNSS_I2C_RxCb	16	static
D:/STM32CubeIDE/x-cube-gnss1/Drivers/BSP/GNSS1A1/gnss1a1_gnss.c:384:6:GNSS1A1_GNSS_I2C_ErrorCb	16	static
D:/STM32CubeIDE/x-cube-gnss1/Drivers/BSP/GNSS1A1/gnss1a1_gnss.c:390:6:GNSS1A1_GNSS_I2C_AbortCb	16	static
