D:/STM32CubeIDE/x-cube-gnss1/Middlewares/ST/lib_gnss/LibGNSS/Src/gnss_data.c:45:9:minute_part	24	static
D:/STM32CubeIDE/x-cube-gnss1/Middlewares/ST/lib_gnss/LibGNSS/Src/gnss_data.c:50:11:seconds	32	static
D:/STM32CubeIDE/x-cube-gnss1/Middlewares/ST/lib_gnss/LibGNSS/Src/gnss_data.c:56:6:GNSS_DATA_SendCommand	24	static
D:/STM32CubeIDE/x-cube-gnss1/Middlewares/ST/lib_gnss/LibGNSS/Src/gnss_data.c:76:6:GNSS_DATA_GetValidInfo	80	static
D:/STM32CubeIDE/x-cube-gnss1/Middlewares/ST/lib_gnss/LibGNSS/Src/gnss_data.c:138:9:GNSS_DATA_TrackGotPos	128	static
D:/STM32CubeIDE/x-cube-gnss1/Middlewares/ST/lib_gnss/LibGNSS/Src/gnss_data.c:212:6:GNSS_DATA_PrintTrackedPositions	64	static
D:/STM32CubeIDE/x-cube-gnss1/Middlewares/ST/lib_gnss/LibGNSS/Src/gnss_data.c:265:6:GNSS_DATA_GetGNSInfo	80	static
D:/STM32CubeIDE/x-cube-gnss1/Middlewares/ST/lib_gnss/LibGNSS/Src/gnss_data.c:344:6:GNSS_DATA_GetGPGSTInfo	24	static
D:/STM32CubeIDE/x-cube-gnss1/Middlewares/ST/lib_gnss/LibGNSS/Src/gnss_data.c:388:6:GNSS_DATA_GetGPRMCInfo	80	static
D:/STM32CubeIDE/x-cube-gnss1/Middlewares/ST/lib_gnss/LibGNSS/Src/gnss_data.c:469:6:GNSS_DATA_GetGSAInfo	32	static
D:/STM32CubeIDE/x-cube-gnss1/Middlewares/ST/lib_gnss/LibGNSS/Src/gnss_data.c:566:6:GNSS_DATA_GetGSVInfo	40	static
D:/STM32CubeIDE/x-cube-gnss1/Middlewares/ST/lib_gnss/LibGNSS/Src/gnss_data.c:645:6:GNSS_DATA_GetPSTMVerInfo	16	static
D:/STM32CubeIDE/x-cube-gnss1/Middlewares/ST/lib_gnss/LibGNSS/Src/gnss_data.c:666:6:GNSS_DATA_GetGeofenceInfo	72	static
D:/STM32CubeIDE/x-cube-gnss1/Middlewares/ST/lib_gnss/LibGNSS/Src/gnss_data.c:754:6:GNSS_DATA_GetOdometerInfo	16	static
D:/STM32CubeIDE/x-cube-gnss1/Middlewares/ST/lib_gnss/LibGNSS/Src/gnss_data.c:810:6:GNSS_DATA_GetDatalogInfo	16	static
D:/STM32CubeIDE/x-cube-gnss1/Middlewares/ST/lib_gnss/LibGNSS/Src/gnss_data.c:893:6:GNSS_DATA_GetMsglistAck	16	static
D:/STM32CubeIDE/x-cube-gnss1/Middlewares/ST/lib_gnss/LibGNSS/Src/gnss_data.c:908:6:GNSS_DATA_GetGNSSAck	16	static
D:/STM32CubeIDE/x-cube-gnss1/Middlewares/ST/lib_gnss/LibGNSS/Src/gnss_data.c:920:6:GNSS_DATA_CfgMessageList	32	static
D:/STM32CubeIDE/x-cube-gnss1/Middlewares/ST/lib_gnss/LibGNSS/Src/gnss_data.c:943:6:GNSS_DATA_EnableGeofence	24	static
D:/STM32CubeIDE/x-cube-gnss1/Middlewares/ST/lib_gnss/LibGNSS/Src/gnss_data.c:952:6:GNSS_DATA_ConfigGeofence	72	static
D:/STM32CubeIDE/x-cube-gnss1/Middlewares/ST/lib_gnss/LibGNSS/Src/gnss_data.c:966:6:GNSS_DATA_EnableOdo	16	static
D:/STM32CubeIDE/x-cube-gnss1/Middlewares/ST/lib_gnss/LibGNSS/Src/gnss_data.c:975:6:GNSS_DATA_StartOdo	16	static
D:/STM32CubeIDE/x-cube-gnss1/Middlewares/ST/lib_gnss/LibGNSS/Src/gnss_data.c:983:6:GNSS_DATA_StopOdo	8	static
D:/STM32CubeIDE/x-cube-gnss1/Middlewares/ST/lib_gnss/LibGNSS/Src/gnss_data.c:991:6:GNSS_DATA_EnableDatalog	40	static
D:/STM32CubeIDE/x-cube-gnss1/Middlewares/ST/lib_gnss/LibGNSS/Src/gnss_data.c:1008:6:GNSS_DATA_ConfigDatalog	40	static
D:/STM32CubeIDE/x-cube-gnss1/Middlewares/ST/lib_gnss/LibGNSS/Src/gnss_data.c:1023:6:GNSS_DATA_StartDatalog	8	static
D:/STM32CubeIDE/x-cube-gnss1/Middlewares/ST/lib_gnss/LibGNSS/Src/gnss_data.c:1031:6:GNSS_DATA_StopDatalog	8	static
D:/STM32CubeIDE/x-cube-gnss1/Middlewares/ST/lib_gnss/LibGNSS/Src/gnss_data.c:1039:6:GNSS_DATA_EraseDatalog	8	static
D:/STM32CubeIDE/x-cube-gnss1/Middlewares/ST/lib_gnss/LibGNSS/Src/gnss_data.c:1197:12:GNSS_PRINT	16	static
