D:/STM32CubeIDE/x-cube-gnss1/Projects/NUCLEO-L476RG/Applications/GetPos/Core/Src/main.c:70:5:main	1
D:/STM32CubeIDE/x-cube-gnss1/Projects/NUCLEO-L476RG/Applications/GetPos/Core/Src/main.c:151:6:SystemClock_Config	4
D:/STM32CubeIDE/x-cube-gnss1/Projects/NUCLEO-L476RG/Applications/GetPos/Core/Src/main.c:201:13:MX_GPIO_Init	1
D:/STM32CubeIDE/x-cube-gnss1/Projects/NUCLEO-L476RG/Applications/GetPos/Core/Src/main.c:244:6:StartDefaultTask	1
D:/STM32CubeIDE/x-cube-gnss1/Projects/NUCLEO-L476RG/Applications/GetPos/Core/Src/main.c:290:6:HAL_TIM_PeriodElapsedCallback	2
D:/STM32CubeIDE/x-cube-gnss1/Projects/NUCLEO-L476RG/Applications/GetPos/Core/Src/main.c:307:6:Error_Handler	1
