D:/STM32CubeIDE/x-cube-gnss1/Drivers/BSP/Components/teseo_liv3f/teseo_liv3f_i2c.h:126:20:teseo_i2c_enable	16	static
D:/STM32CubeIDE/x-cube-gnss1/Drivers/BSP/Components/teseo_liv3f/teseo_liv3f_i2c.h:131:20:teseo_i2c_disable	16	static
D:/STM32CubeIDE/x-cube-gnss1/Drivers/BSP/Components/teseo_liv3f/teseo_liv3f_i2c.h:136:20:teseo_i2c_rx_callback_ok	8	static
D:/STM32CubeIDE/x-cube-gnss1/Drivers/BSP/Components/teseo_liv3f/teseo_liv3f_i2c.h:141:20:teseo_i2c_rx_callback_error	8	static
D:/STM32CubeIDE/x-cube-gnss1/Drivers/BSP/Components/teseo_liv3f/teseo_liv3f_i2c.h:146:20:teseo_i2c_rx_callback_abort	8	static
D:/STM32CubeIDE/x-cube-gnss1/Drivers/BSP/Components/teseo_liv3f/teseo_liv3f.c:54:9:TESEO_LIV3F_RegisterBusIO	24	static
D:/STM32CubeIDE/x-cube-gnss1/Drivers/BSP/Components/teseo_liv3f/teseo_liv3f.c:88:9:TESEO_LIV3F_Init	24	static
D:/STM32CubeIDE/x-cube-gnss1/Drivers/BSP/Components/teseo_liv3f/teseo_liv3f.c:119:9:TESEO_LIV3F_DeInit	24	static
D:/STM32CubeIDE/x-cube-gnss1/Drivers/BSP/Components/teseo_liv3f/teseo_liv3f.c:148:26:TESEO_LIV3F_GetMessage	16	static
D:/STM32CubeIDE/x-cube-gnss1/Drivers/BSP/Components/teseo_liv3f/teseo_liv3f.c:153:9:TESEO_LIV3F_ReleaseMessage	16	static
D:/STM32CubeIDE/x-cube-gnss1/Drivers/BSP/Components/teseo_liv3f/teseo_liv3f.c:160:9:TESEO_LIV3F_Send	16	static
D:/STM32CubeIDE/x-cube-gnss1/Drivers/BSP/Components/teseo_liv3f/teseo_liv3f.c:165:6:TESEO_LIV3F_I2C_BackgroundProcess	8	static
D:/STM32CubeIDE/x-cube-gnss1/Drivers/BSP/Components/teseo_liv3f/teseo_liv3f.c:172:6:TESEO_LIV3F_I2C_RxCb	8	static
D:/STM32CubeIDE/x-cube-gnss1/Drivers/BSP/Components/teseo_liv3f/teseo_liv3f.c:177:6:TESEO_LIV3F_I2C_ErrorCb	8	static
D:/STM32CubeIDE/x-cube-gnss1/Drivers/BSP/Components/teseo_liv3f/teseo_liv3f.c:182:6:TESEO_LIV3F_I2C_AbortCb	8	static
D:/STM32CubeIDE/x-cube-gnss1/Drivers/BSP/Components/teseo_liv3f/teseo_liv3f.c:188:6:TESEO_LIV3F_UART_RxCb	8	static
D:/STM32CubeIDE/x-cube-gnss1/Drivers/BSP/Components/teseo_liv3f/teseo_liv3f.c:193:6:TESEO_LIV3F_UART_ErrorCb	8	static
D:/STM32CubeIDE/x-cube-gnss1/Drivers/BSP/Components/teseo_liv3f/teseo_liv3f.c:205:16:TESEO_LIV3F_Enable	24	static
D:/STM32CubeIDE/x-cube-gnss1/Drivers/BSP/Components/teseo_liv3f/teseo_liv3f.c:230:16:TESEO_LIV3F_Disable	24	static
D:/STM32CubeIDE/x-cube-gnss1/Drivers/BSP/Components/teseo_liv3f/teseo_liv3f.c:257:16:ReceiveWrap	32	static
D:/STM32CubeIDE/x-cube-gnss1/Drivers/BSP/Components/teseo_liv3f/teseo_liv3f.c:271:16:TransmitWrap	32	static
D:/STM32CubeIDE/x-cube-gnss1/Drivers/BSP/Components/teseo_liv3f/teseo_liv3f.c:285:17:GetTickWrap	24	static
D:/STM32CubeIDE/x-cube-gnss1/Drivers/BSP/Components/teseo_liv3f/teseo_liv3f.c:299:13:ClearOREFWrap	24	static
