D:/STM32CubeIDE/x-cube-gnss1/Middlewares/ST/lib_gnss/LibNMEA/Src/NMEA_parser.c:64:16:NMEA_CheckGNSMsg	24	static
D:/STM32CubeIDE/x-cube-gnss1/Middlewares/ST/lib_gnss/LibNMEA/Src/NMEA_parser.c:95:16:NMEA_CheckGSAMsg	24	static
D:/STM32CubeIDE/x-cube-gnss1/Middlewares/ST/lib_gnss/LibNMEA/Src/NMEA_parser.c:126:16:NMEA_CheckGSVMsg	24	static
D:/STM32CubeIDE/x-cube-gnss1/Middlewares/ST/lib_gnss/LibNMEA/Src/NMEA_parser.c:161:13:NMEA_ResetGSVMsg	24	static
D:/STM32CubeIDE/x-cube-gnss1/Middlewares/ST/lib_gnss/LibNMEA/Src/NMEA_parser.c:177:16:NMEA_CheckGeofenceMsg	24	static
D:/STM32CubeIDE/x-cube-gnss1/Middlewares/ST/lib_gnss/LibNMEA/Src/NMEA_parser.c:216:16:NMEA_CheckOdoMsg	24	static
D:/STM32CubeIDE/x-cube-gnss1/Middlewares/ST/lib_gnss/LibNMEA/Src/NMEA_parser.c:251:16:NMEA_CheckDatalogMsg	24	static
D:/STM32CubeIDE/x-cube-gnss1/Middlewares/ST/lib_gnss/LibNMEA/Src/NMEA_parser.c:302:16:NMEA_CheckListMsg	24	static
D:/STM32CubeIDE/x-cube-gnss1/Middlewares/ST/lib_gnss/LibNMEA/Src/NMEA_parser.c:321:16:NMEA_CheckSaveparMsg	24	static
D:/STM32CubeIDE/x-cube-gnss1/Middlewares/ST/lib_gnss/LibNMEA/Src/NMEA_parser.c:340:16:NMEA_CheckPassMsg	24	static
D:/STM32CubeIDE/x-cube-gnss1/Middlewares/ST/lib_gnss/LibNMEA/Src/NMEA_parser.c:359:16:NMEA_CheckAGPSMsg	24	static
D:/STM32CubeIDE/x-cube-gnss1/Middlewares/ST/lib_gnss/LibNMEA/Src/NMEA_parser.c:429:13:scan_utc	24	static
D:/STM32CubeIDE/x-cube-gnss1/Middlewares/ST/lib_gnss/LibNMEA/Src/NMEA_parser.c:443:17:nmea_checksum	24	static
D:/STM32CubeIDE/x-cube-gnss1/Middlewares/ST/lib_gnss/LibNMEA/Src/NMEA_parser.c:451:17:digit2int	48	static
D:/STM32CubeIDE/x-cube-gnss1/Middlewares/ST/lib_gnss/LibNMEA/Src/NMEA_parser.c:492:13:scan_timestamp_time	16	static
D:/STM32CubeIDE/x-cube-gnss1/Middlewares/ST/lib_gnss/LibNMEA/Src/NMEA_parser.c:503:13:scan_timestamp_date	16	static
D:/STM32CubeIDE/x-cube-gnss1/Middlewares/ST/lib_gnss/LibNMEA/Src/NMEA_parser.c:511:15:NMEA_ParseGPGGA	48	static
D:/STM32CubeIDE/x-cube-gnss1/Middlewares/ST/lib_gnss/LibNMEA/Src/NMEA_parser.c:582:15:NMEA_ParseGNS	40	static
D:/STM32CubeIDE/x-cube-gnss1/Middlewares/ST/lib_gnss/LibNMEA/Src/NMEA_parser.c:648:15:NMEA_ParseGPGST	40	static
D:/STM32CubeIDE/x-cube-gnss1/Middlewares/ST/lib_gnss/LibNMEA/Src/NMEA_parser.c:709:15:NMEA_ParseGPRMC	48	static
D:/STM32CubeIDE/x-cube-gnss1/Middlewares/ST/lib_gnss/LibNMEA/Src/NMEA_parser.c:775:15:NMEA_ParseGSA	56	static
D:/STM32CubeIDE/x-cube-gnss1/Middlewares/ST/lib_gnss/LibNMEA/Src/NMEA_parser.c:842:15:NMEA_ParseGSV	48	static
D:/STM32CubeIDE/x-cube-gnss1/Middlewares/ST/lib_gnss/LibNMEA/Src/NMEA_parser.c:918:15:NMEA_ParsePSTMVER	40	static
D:/STM32CubeIDE/x-cube-gnss1/Middlewares/ST/lib_gnss/LibNMEA/Src/NMEA_parser.c:971:15:NMEA_ParsePSTMGeofence	56	static
D:/STM32CubeIDE/x-cube-gnss1/Middlewares/ST/lib_gnss/LibNMEA/Src/NMEA_parser.c:1077:15:NMEA_ParsePSTMOdo	40	static
D:/STM32CubeIDE/x-cube-gnss1/Middlewares/ST/lib_gnss/LibNMEA/Src/NMEA_parser.c:1166:15:NMEA_ParsePSTMDatalog	40	static
D:/STM32CubeIDE/x-cube-gnss1/Middlewares/ST/lib_gnss/LibNMEA/Src/NMEA_parser.c:1276:15:NMEA_ParsePSTMsgl	40	static
D:/STM32CubeIDE/x-cube-gnss1/Middlewares/ST/lib_gnss/LibNMEA/Src/NMEA_parser.c:1342:15:NMEA_ParsePSTMSavePar	40	static
D:/STM32CubeIDE/x-cube-gnss1/Middlewares/ST/lib_gnss/LibNMEA/Src/NMEA_parser.c:1405:15:NMEA_ParsePSTMPASSRTN	40	static
D:/STM32CubeIDE/x-cube-gnss1/Middlewares/ST/lib_gnss/LibNMEA/Src/NMEA_parser.c:1471:15:NMEA_ParsePSTMAGPS	40	static
D:/STM32CubeIDE/x-cube-gnss1/Middlewares/ST/lib_gnss/LibNMEA/Src/NMEA_parser.c:1598:6:NMEA_Copy_Data	16	static
D:/STM32CubeIDE/x-cube-gnss1/Middlewares/ST/lib_gnss/LibNMEA/Src/NMEA_parser.c:1624:10:char2int	24	static
